[
  {
    "path": "store/jobs/j000049/out/proc/pid.3768.dmp",
    "length": 769003520,
    "hits": {
      "3137322e33302e3134352e313839": [],
      "ac1e91bd": [
        280784926,
        281280542,
        281477150,
        281731102,
        282042398,
        282619940,
        282980388,
        308092964,
        314501500,
        314511076,
        314522028,
        314531668,
        314548180,
        314577028,
        314631988,
        315269540,
        315271664,
        315280084,
        315381204,
        315390860,
        315400252,
        315409500,
        315420628,
        315437716,
        315460404,
        315550364,
        315560516,
        315575748,
        315586340,
        316086684,
        316096324,
        316105884,
        316115372,
        316124868,
        316134196,
        316143644,
        316154132,
        316169260,
        316180692,
        316193932,
        316248780,
        316293436,
        316318332,
        316488308,
        316498028,
        316507652,
        316518396,
        316529140,
        316540124,
        316557900,
        316569172,
        316579116,
        316589612,
        321699364,
        322256120,
        341533740,
        353457024,
        356017840,
        356020120,
        357025248,
        375113512,
        375115672,
        379886820,
        638905396
      ]
    }
  },
  {
    "path": "store/jobs/j000079/out/pid.1576.dmp",
    "length": 718229504,
    "hits": {
      "3137322e33302e3134352e313839": [],
      "ac1e91bd": [
        230445086,
        230940702,
        231137310,
        231391262,
        231702558,
        232280100,
        232640548,
        257753124,
        264161660,
        264171236,
        264182188,
        264191828,
        264208340,
        264237188,
        264292148,
        264929700,
        264931824,
        264940244,
        265041364,
        265051020,
        265060412,
        265069660,
        265080788,
        265097876,
        265120564,
        265210524,
        265220676,
        265235908,
        265246500,
        265746844,
        265756484,
        265766044,
        265775532,
        265785028,
        265794356,
        265803804,
        265814292,
        265829420,
        265840852,
        265854092,
        265908940,
        265953596,
        265978492,
        266148468,
        266158188,
        266167812,
        266178556,
        266189300,
        266200284,
        266218060,
        266229332,
        266239276,
        266249772,
        271359524,
        271916280,
        291193900,
        303117184,
        305678000,
        305680280,
        306685408,
        324773672,
        324775832,
        329546980,
        588565556
      ]
    }
  }
]
