2026-10-02T09:54:29.119102Z  INFO microsandbox_runtime::runner::vm: sandbox starting sandbox=dfs-s5e1edd-s5e1edd07
2026-10-02T09:54:29.121900Z  INFO microsandbox_runtime::runner::relay: agent relay listening on /Users/halilozturkci/.microsandbox/run/sandboxes/32af85bf9846bf6fc9fdcdb6/agent.sock
2026-10-02T09:54:29.559772Z  INFO microsandbox_checkpoint_timing: root journal admission timing operation="root_journal_admission" reused_layers=0 hashed_layers=0 total_us=2
2026-10-02T09:54:29.605435Z  INFO microsandbox_runtime::runner::vm: entering VM sandbox=dfs-s5e1edd-s5e1edd07
2026-10-02T09:54:29.700319Z  INFO microsandbox_runtime::runner::vm: host placement acknowledged before guest execution pinned_vcpus=0 inherited_vcpus=2 memory=Inherited
2026-10-02T09:54:29.928144Z  INFO microsandbox_runtime::runner::relay: agent relay: installed bind identity maps host_owner_uid=501 guest_uid=0 guest_gid=0 mounts=18
2026-10-02T09:54:29.940172Z  INFO microsandbox_runtime::runner::relay: agent relay: bound dedicated agent-bulk port
2026-10-02T09:54:29.940609Z  INFO microsandbox_runtime::runner::relay: agent relay: received core.ready from agentd dual_port=true
2026-10-02T09:54:29.941227Z  INFO microsandbox_runtime::runner::relay: agent relay: client connected slot=0 id_start=1 id_end_exclusive=33554431
2026-10-02T09:54:29.943297Z  INFO microsandbox_runtime::runner::relay: agent relay: selected local-shm-v1 slot=0 local_shm=true
2026-10-02T09:54:29.969437Z  INFO microsandbox_runtime::runner::relay: agent relay: client connected slot=1 id_start=33554432 id_end_exclusive=67108862
2026-10-02T09:54:29.969923Z  INFO microsandbox_runtime::runner::relay: agent relay: selected local-shm-v1 slot=1 local_shm=true
2026-10-02T09:54:29.970968Z  INFO microsandbox_runtime::runner::relay: agent relay: client disconnected slot=1 error=agent relay: unexpected EOF
2026-10-02T09:54:29.971212Z  INFO microsandbox_runtime::runner::relay: agent relay: client connected slot=2 id_start=67108863 id_end_exclusive=100663293
2026-10-02T09:54:29.971792Z  INFO microsandbox_runtime::runner::relay: agent relay: selected local-shm-v1 slot=2 local_shm=true
2026-10-02T09:54:30.137545Z  WARN msb_krun_devices::virtio::vsock::custom_stream: custom vsock backend closed: backend event closed
2026-10-02T09:54:30.137557Z  WARN msb_krun_devices::virtio::vsock::muxer_thread: deferring proxy removal: 3904728263997526920
2026-10-02T09:54:30.137680Z  WARN msb_krun_devices::virtio::vsock::custom_stream: error shutting down custom vsock backend: Socket is not connected (os error 57)
2026-10-02T09:54:30.138938Z  INFO msb_krun_devices::virtio::vsock::muxer: immediately removing proxy: 3904728263997526920
2026-10-02T09:54:30.506454Z  INFO microsandbox_runtime::runner::relay: agent relay: client disconnected slot=2 error=agent relay: unexpected EOF
2026-10-02T09:54:33.379696Z  INFO microsandbox_runtime::runner::relay: agent relay: client disconnected slot=0 error=agent relay: unexpected EOF
2026-10-02T09:54:37.459174Z  INFO microsandbox_runtime::runner::relay: agent relay: client connected slot=0 id_start=1 id_end_exclusive=33554431
2026-10-02T09:54:37.459689Z  INFO microsandbox_runtime::runner::relay: agent relay: selected local-shm-v1 slot=0 local_shm=true
2026-10-02T09:54:37.460689Z  INFO microsandbox_runtime::runner::relay: agent relay: client connected slot=1 id_start=33554432 id_end_exclusive=67108862
2026-10-02T09:54:37.461120Z  INFO microsandbox_runtime::runner::relay: agent relay: selected local-shm-v1 slot=1 local_shm=true
2026-10-02T09:54:37.751225Z  INFO microsandbox_runtime::runner::relay: agent relay: client disconnected slot=1 error=agent relay: unexpected EOF
2026-10-02T09:54:37.751256Z  INFO microsandbox_runtime::runner::relay: agent relay: client disconnected slot=0 error=agent relay: unexpected EOF
2026-10-02T09:54:37.764877Z  INFO microsandbox_runtime::runner::relay: agent relay: client connected slot=0 id_start=1 id_end_exclusive=33554431
2026-10-02T09:54:37.765456Z  INFO microsandbox_runtime::runner::relay: agent relay: selected local-shm-v1 slot=0 local_shm=true
2026-10-02T09:54:37.766059Z  INFO microsandbox_runtime::runner::relay: agent relay: client slot=0 sent core.shutdown, notifying drain
2026-10-02T09:54:37.766073Z  INFO microsandbox_runtime::runner::vm: graceful shutdown requested; waiting for guest poweroff
2026-10-02T09:54:37.766084Z  INFO microsandbox_runtime::runner::relay: agent relay: client disconnected slot=0 error=agent relay: unexpected EOF
2026-10-02T09:54:37.885993Z  INFO msb_krun_vmm::macos::vstate: vCPU 0 received shutdown signal
2026-10-02T09:54:37.886015Z  INFO msb_krun_vmm: Vmm is stopping.
