Volatility 3 Framework 2.28.2

PID	Process	Start VPN	End VPN	Tag	Protection	CommitCharge	PrivateMemory	File output	Notes	Hexdump	Disasm

3660	MsMpEng.exe	0x2809a810000	0x2809a90ffff	VadS	PAGE_EXECUTE_READWRITE	256	1	Disabled	N/A	
cc cc cc cc cc cc cc cc cc cc cc cc cc cc cc cc ................
cc cc cc cc cc cc cc cc cc cc cc cc cc cc cc cc ................
cc cc cc cc cc cc cc cc cc cc cc cc cc cc cc cc ................
cc 04 00 26 00 00 00 01 02 48 8b 45 20 48 89 c2 ...&.....H.E H..	cc cc cc cc cc cc cc cc cc cc cc cc cc cc cc cc cc cc cc cc cc cc cc cc cc cc cc cc cc cc cc cc cc cc cc cc cc cc cc cc cc cc cc cc cc cc cc cc cc 04 00 26 00 00 00 01 02 48 8b 45 20 48 89 c2
3660	MsMpEng.exe	0x2809a530000	0x2809a63cfff	VadS	PAGE_EXECUTE_READWRITE	269	1	Disabled	N/A	
56 57 53 55 41 54 41 55 41 56 41 57 48 83 ec 28 VWSUATAUAVAWH..(
4c 8d 3c 24 48 8b e9 48 8d b1 98 38 00 00 ff e2 L.<$H..H...8....
49 8d 67 28 41 5f 41 5e 41 5d 41 5c 5d 5b 5f 5e I.g(A_A^A]A\][_^
c3 00 00 40 00 80 00 00 00 48 89 e9 48 b8 60 33 ...@.....H..H.`3	56 57 53 55 41 54 41 55 41 56 41 57 48 83 ec 28 4c 8d 3c 24 48 8b e9 48 8d b1 98 38 00 00 ff e2 49 8d 67 28 41 5f 41 5e 41 5d 41 5c 5d 5b 5f 5e c3 00 00 40 00 80 00 00 00 48 89 e9 48 b8 60 33
3660	MsMpEng.exe	0x2809ab20000	0x2809ad1ffff	VadS	PAGE_EXECUTE_READWRITE	512	1	Disabled	N/A	
cc cc cc cc cc cc cc cc cc cc cc cc cc cc cc cc ................
cc cc cc cc cc cc cc cc cc cc cc cc cc cc cc cc ................
cc cc cc cc cc cc cc cc cc cc cc cc cc cc cc cc ................
cc 0c 00 4e 00 0c 00 01 05 48 8b 55 28 48 8b 8d ...N.....H.U(H..	cc cc cc cc cc cc cc cc cc cc cc cc cc cc cc cc cc cc cc cc cc cc cc cc cc cc cc cc cc cc cc cc cc cc cc cc cc cc cc cc cc cc cc cc cc cc cc cc cc 0c 00 4e 00 0c 00 01 05 48 8b 55 28 48 8b 8d
3660	MsMpEng.exe	0x2809f100000	0x2809f20cfff	VadS	PAGE_EXECUTE_READWRITE	269	1	Disabled	N/A	
56 57 53 55 41 54 41 55 41 56 41 57 48 83 ec 28 VWSUATAUAVAWH..(
4c 8d 3c 24 48 8b e9 48 8d b1 98 38 00 00 ff e2 L.<$H..H...8....
49 8d 67 28 41 5f 41 5e 41 5d 41 5c 5d 5b 5f 5e I.g(A_A^A]A\][_^
c3 00 00 40 00 80 00 00 00 48 89 e9 48 b8 60 33 ...@.....H..H.`3	56 57 53 55 41 54 41 55 41 56 41 57 48 83 ec 28 4c 8d 3c 24 48 8b e9 48 8d b1 98 38 00 00 ff e2 49 8d 67 28 41 5f 41 5e 41 5d 41 5c 5d 5b 5f 5e c3 00 00 40 00 80 00 00 00 48 89 e9 48 b8 60 33
3660	MsMpEng.exe	0x2809f980000	0x2809fa8cfff	VadS	PAGE_EXECUTE_READWRITE	269	1	Disabled	N/A	
56 57 53 55 41 54 41 55 41 56 41 57 48 83 ec 28 VWSUATAUAVAWH..(
4c 8d 3c 24 48 8b e9 48 8d b1 98 38 00 00 ff e2 L.<$H..H...8....
49 8d 67 28 41 5f 41 5e 41 5d 41 5c 5d 5b 5f 5e I.g(A_A^A]A\][_^
c3 00 00 40 00 80 00 00 00 48 89 e9 48 b8 60 33 ...@.....H..H.`3	56 57 53 55 41 54 41 55 41 56 41 57 48 83 ec 28 4c 8d 3c 24 48 8b e9 48 8d b1 98 38 00 00 ff e2 49 8d 67 28 41 5f 41 5e 41 5d 41 5c 5d 5b 5f 5e c3 00 00 40 00 80 00 00 00 48 89 e9 48 b8 60 33
3660	MsMpEng.exe	0x2809fd00000	0x2809fe0cfff	VadS	PAGE_EXECUTE_READWRITE	269	1	Disabled	N/A	
56 57 53 55 41 54 41 55 41 56 41 57 48 83 ec 28 VWSUATAUAVAWH..(
4c 8d 3c 24 48 8b e9 48 8d b1 98 38 00 00 ff e2 L.<$H..H...8....
49 8d 67 28 41 5f 41 5e 41 5d 41 5c 5d 5b 5f 5e I.g(A_A^A]A\][_^
c3 00 00 40 00 80 00 00 00 48 89 e9 48 b8 60 33 ...@.....H..H.`3	56 57 53 55 41 54 41 55 41 56 41 57 48 83 ec 28 4c 8d 3c 24 48 8b e9 48 8d b1 98 38 00 00 ff e2 49 8d 67 28 41 5f 41 5e 41 5d 41 5c 5d 5b 5f 5e c3 00 00 40 00 80 00 00 00 48 89 e9 48 b8 60 33
3660	MsMpEng.exe	0x280a0860000	0x280a096cfff	VadS	PAGE_EXECUTE_READWRITE	269	1	Disabled	N/A	
56 57 53 55 41 54 41 55 41 56 41 57 48 83 ec 28 VWSUATAUAVAWH..(
4c 8d 3c 24 48 8b e9 48 8d b1 98 38 00 00 ff e2 L.<$H..H...8....
49 8d 67 28 41 5f 41 5e 41 5d 41 5c 5d 5b 5f 5e I.g(A_A^A]A\][_^
c3 00 00 40 00 80 00 00 00 48 89 e9 48 b8 60 33 ...@.....H..H.`3	56 57 53 55 41 54 41 55 41 56 41 57 48 83 ec 28 4c 8d 3c 24 48 8b e9 48 8d b1 98 38 00 00 ff e2 49 8d 67 28 41 5f 41 5e 41 5d 41 5c 5d 5b 5f 5e c3 00 00 40 00 80 00 00 00 48 89 e9 48 b8 60 33
3660	MsMpEng.exe	0x280a1100000	0x280a120cfff	VadS	PAGE_EXECUTE_READWRITE	269	1	Disabled	N/A	
56 57 53 55 41 54 41 55 41 56 41 57 48 83 ec 28 VWSUATAUAVAWH..(
4c 8d 3c 24 48 8b e9 48 8d b1 98 38 00 00 ff e2 L.<$H..H...8....
49 8d 67 28 41 5f 41 5e 41 5d 41 5c 5d 5b 5f 5e I.g(A_A^A]A\][_^
c3 00 00 40 00 80 00 00 00 48 89 e9 48 b8 60 33 ...@.....H..H.`3	56 57 53 55 41 54 41 55 41 56 41 57 48 83 ec 28 4c 8d 3c 24 48 8b e9 48 8d b1 98 38 00 00 ff e2 49 8d 67 28 41 5f 41 5e 41 5d 41 5c 5d 5b 5f 5e c3 00 00 40 00 80 00 00 00 48 89 e9 48 b8 60 33
3660	MsMpEng.exe	0x280a0d10000	0x280a0e1cfff	VadS	PAGE_EXECUTE_READWRITE	269	1	Disabled	N/A	
56 57 53 55 41 54 41 55 41 56 41 57 48 83 ec 28 VWSUATAUAVAWH..(
4c 8d 3c 24 48 8b e9 48 8d b1 98 38 00 00 ff e2 L.<$H..H...8....
49 8d 67 28 41 5f 41 5e 41 5d 41 5c 5d 5b 5f 5e I.g(A_A^A]A\][_^
c3 00 00 40 00 80 00 00 00 48 89 e9 48 b8 60 33 ...@.....H..H.`3	56 57 53 55 41 54 41 55 41 56 41 57 48 83 ec 28 4c 8d 3c 24 48 8b e9 48 8d b1 98 38 00 00 ff e2 49 8d 67 28 41 5f 41 5e 41 5d 41 5c 5d 5b 5f 5e c3 00 00 40 00 80 00 00 00 48 89 e9 48 b8 60 33
3660	MsMpEng.exe	0x280a0ff0000	0x280a10fcfff	VadS	PAGE_EXECUTE_READWRITE	269	1	Disabled	N/A	
56 57 53 55 41 54 41 55 41 56 41 57 48 83 ec 28 VWSUATAUAVAWH..(
4c 8d 3c 24 48 8b e9 48 8d b1 98 38 00 00 ff e2 L.<$H..H...8....
49 8d 67 28 41 5f 41 5e 41 5d 41 5c 5d 5b 5f 5e I.g(A_A^A]A\][_^
c3 00 00 40 00 80 00 00 00 48 89 e9 48 b8 60 33 ...@.....H..H.`3	56 57 53 55 41 54 41 55 41 56 41 57 48 83 ec 28 4c 8d 3c 24 48 8b e9 48 8d b1 98 38 00 00 ff e2 49 8d 67 28 41 5f 41 5e 41 5d 41 5c 5d 5b 5f 5e c3 00 00 40 00 80 00 00 00 48 89 e9 48 b8 60 33
3660	MsMpEng.exe	0x280a16a0000	0x280a17acfff	VadS	PAGE_EXECUTE_READWRITE	269	1	Disabled	N/A	
56 57 53 55 41 54 41 55 41 56 41 57 48 83 ec 28 VWSUATAUAVAWH..(
4c 8d 3c 24 48 8b e9 48 8d b1 98 38 00 00 ff e2 L.<$H..H...8....
49 8d 67 28 41 5f 41 5e 41 5d 41 5c 5d 5b 5f 5e I.g(A_A^A]A\][_^
c3 00 00 40 00 80 00 00 00 48 89 e9 48 b8 60 33 ...@.....H..H.`3	56 57 53 55 41 54 41 55 41 56 41 57 48 83 ec 28 4c 8d 3c 24 48 8b e9 48 8d b1 98 38 00 00 ff e2 49 8d 67 28 41 5f 41 5e 41 5d 41 5c 5d 5b 5f 5e c3 00 00 40 00 80 00 00 00 48 89 e9 48 b8 60 33
3660	MsMpEng.exe	0x280a13d0000	0x280a14dcfff	VadS	PAGE_EXECUTE_READWRITE	269	1	Disabled	N/A	
56 57 53 55 41 54 41 55 41 56 41 57 48 83 ec 28 VWSUATAUAVAWH..(
4c 8d 3c 24 48 8b e9 48 8d b1 98 38 00 00 ff e2 L.<$H..H...8....
49 8d 67 28 41 5f 41 5e 41 5d 41 5c 5d 5b 5f 5e I.g(A_A^A]A\][_^
c3 00 00 40 00 80 00 00 00 48 89 e9 48 b8 60 33 ...@.....H..H.`3	56 57 53 55 41 54 41 55 41 56 41 57 48 83 ec 28 4c 8d 3c 24 48 8b e9 48 8d b1 98 38 00 00 ff e2 49 8d 67 28 41 5f 41 5e 41 5d 41 5c 5d 5b 5f 5e c3 00 00 40 00 80 00 00 00 48 89 e9 48 b8 60 33
5408	smartscreen.ex	0x1f130cc0000	0x1f130cdffff	VadS	PAGE_EXECUTE_READWRITE	1	1	Disabled	N/A	
48 89 54 24 10 48 89 4c 24 08 4c 89 44 24 18 4c H.T$.H.L$.L.D$.L
89 4c 24 20 48 8b 41 28 48 8b 48 08 48 8b 51 50 .L$ H.A(H.H.H.QP
48 83 e2 f8 48 8b ca 48 b8 60 00 cc 30 f1 01 00 H...H..H.`..0...
00 48 2b c8 48 81 f9 70 0f 00 00 76 09 48 c7 c1 .H+.H..p...v.H..	48 89 54 24 10 48 89 4c 24 08 4c 89 44 24 18 4c 89 4c 24 20 48 8b 41 28 48 8b 48 08 48 8b 51 50 48 83 e2 f8 48 8b ca 48 b8 60 00 cc 30 f1 01 00 00 48 2b c8 48 81 f9 70 0f 00 00 76 09 48 c7 c1
5408	smartscreen.ex	0x1f1310e0000	0x1f131143fff	VadS	PAGE_EXECUTE_READWRITE	1	1	Disabled	N/A	
e9 fb 07 07 00 00 00 00 00 cc cc cc cc cc cc cc ................
cc cc cc cc cc cc cc cc cc cc cc cc cc cc cc cc ................
cc cc cc cc cc cc cc cc cc cc cc cc cc cc cc cc ................
cc cc cc cc cc cc cc cc cc cc cc cc cc cc cc cc ................	e9 fb 07 07 00 00 00 00 00 cc cc cc cc cc cc cc cc cc cc cc cc cc cc cc cc cc cc cc cc cc cc cc cc cc cc cc cc cc cc cc cc cc cc cc cc cc cc cc cc cc cc cc cc cc cc cc cc cc cc cc cc cc cc cc
3768	KeePass.exe	0x2dd0000	0x2e01fff	VadS	PAGE_EXECUTE_READWRITE	1	1	Disabled	N/A	
00 00 00 00 00 00 00 00 c0 41 8c 1b 00 00 00 00 .........A......
c0 41 8c 1b 00 00 00 00 00 00 8c 1b 00 00 00 00 .A..............
00 0f dd 02 00 00 00 00 00 10 dd 02 00 00 00 00 ................
00 20 e0 02 00 00 00 00 02 00 00 00 00 00 00 00 . ..............	00 00 00 00 00 00 00 00 c0 41 8c 1b 00 00 00 00 c0 41 8c 1b 00 00 00 00 00 00 8c 1b 00 00 00 00 00 0f dd 02 00 00 00 00 00 10 dd 02 00 00 00 00 00 20 e0 02 00 00 00 00 02 00 00 00 00 00 00 00
3768	KeePass.exe	0x2f70000	0x2f7ffff	VadS	PAGE_EXECUTE_READWRITE	2	1	Disabled	N/A	
00 00 00 00 00 00 00 00 13 c6 f9 e6 fd 11 00 01 ................
ee ff ee ff 02 00 00 00 20 01 f7 02 00 00 00 00 ........ .......
20 01 f7 02 00 00 00 00 00 00 f7 02 00 00 00 00  ...............
00 00 f7 02 00 00 00 00 0f 00 00 00 00 00 00 00 ................	00 00 00 00 00 00 00 00 13 c6 f9 e6 fd 11 00 01 ee ff ee ff 02 00 00 00 20 01 f7 02 00 00 00 00 20 01 f7 02 00 00 00 00 00 00 f7 02 00 00 00 00 00 00 f7 02 00 00 00 00 0f 00 00 00 00 00 00 00
3768	KeePass.exe	0x1b8c0000	0x1b8cffff	VadS	PAGE_EXECUTE_READWRITE	15	1	Disabled	N/A	
00 00 00 00 00 00 00 00 86 32 95 ec 6f ce 00 01 .........2..o...
ee ff ee ff 02 00 00 00 20 01 8c 1b 00 00 00 00 ........ .......
20 01 8c 1b 00 00 00 00 00 00 8c 1b 00 00 00 00  ...............
00 00 8c 1b 00 00 00 00 0f 00 00 00 00 00 00 00 ................	00 00 00 00 00 00 00 00 86 32 95 ec 6f ce 00 01 ee ff ee ff 02 00 00 00 20 01 8c 1b 00 00 00 00 20 01 8c 1b 00 00 00 00 00 00 8c 1b 00 00 00 00 00 00 8c 1b 00 00 00 00 0f 00 00 00 00 00 00 00
3768	KeePass.exe	0x7ff49e300000	0x7ff49e30ffff	VadS	PAGE_EXECUTE_READWRITE	1	1	Disabled	N/A	
00 00 00 00 00 00 00 00 78 0d 00 00 00 00 00 00 ........x.......
0c 00 00 00 49 c7 c2 00 00 00 00 48 b8 20 4a ea ....I......H. J.
1c fb 7f 00 00 ff e0 49 c7 c2 01 00 00 00 48 b8 .......I......H.
20 4a ea 1c fb 7f 00 00 ff e0 49 c7 c2 02 00 00  J........I.....	00 00 00 00 00 00 00 00 78 0d 00 00 00 00 00 00 0c 00 00 00 49 c7 c2 00 00 00 00 48 b8 20 4a ea 1c fb 7f 00 00 ff e0 49 c7 c2 01 00 00 00 48 b8 20 4a ea 1c fb 7f 00 00 ff e0 49 c7 c2 02 00 00
3768	KeePass.exe	0x7ff49e310000	0x7ff49e3affff	VadS	PAGE_EXECUTE_READWRITE	2	1	Disabled	N/A	
d8 ff ff ff ff ff ff ff 08 00 00 00 00 00 00 00 ................
01 00 00 00 00 00 00 00 00 02 0e 03 38 00 00 00 ............8...
68 01 d7 07 0c 00 00 00 d8 5d 8c 1b fb 7f 00 00 h........]......
00 10 8a 1b fb 7f 00 00 08 4a a3 1b fb 7f 00 00 .........J......	d8 ff ff ff ff ff ff ff 08 00 00 00 00 00 00 00 01 00 00 00 00 00 00 00 00 02 0e 03 38 00 00 00 68 01 d7 07 0c 00 00 00 d8 5d 8c 1b fb 7f 00 00 00 10 8a 1b fb 7f 00 00 08 4a a3 1b fb 7f 00 00
7644	thunderbird.ex	0x213eedd0000	0x213eeddffff	VadS	PAGE_EXECUTE_READWRITE	16	1	Disabled	N/A	
00 00 00 00 00 00 00 00 3b 00 00 00 00 00 00 00 ........;.......
4c 8d 15 f9 ff ff ff ff 25 03 00 00 00 0f 1f 00 L.......%.......
58 69 29 0a fb 7f 00 00 80 32 70 f4 13 02 00 00 Xi)......2p.....
a0 d9 7f 08 fb 7f 00 00 00 84 73 f4 13 02 00 00 ..........s.....	00 00 00 00 00 00 00 00 3b 00 00 00 00 00 00 00 4c 8d 15 f9 ff ff ff ff 25 03 00 00 00 0f 1f 00 58 69 29 0a fb 7f 00 00 80 32 70 f4 13 02 00 00 a0 d9 7f 08 fb 7f 00 00 00 84 73 f4 13 02 00 00
