{
  "password_md5": "31095c0a1a117a374baa7d172ae1fd1f",
  "meta": {
    "database_name": "bruce",
    "recycle_bin_enabled": "True",
    "recycle_bin_uuid": "jHRBCh7OAEW8Qxp9Vo5ZCg=="
  },
  "entries": [
    {
      "Notes": "",
      "Password": "cFbOV0FLvLRtakT0tNnL",
      "Title": "okay you're the king!! burger king!!",
      "URL": "",
      "UserName": "Kanye West",
      "_uuid": "akyltmAQz0Cx4Kti4Sy6pA==",
      "_times": {
        "CreationTime": "2024-01-07T09:32:04Z",
        "LastModificationTime": "2024-01-07T09:33:13Z",
        "LastAccessTime": "2024-01-07T09:33:13Z",
        "ExpiryTime": "2024-01-07T09:24:02Z",
        "Expires": "False",
        "UsageCount": "1",
        "LocationChanged": "2024-01-07T09:32:04Z"
      },
      "_groups": [
        "bruce"
      ]
    },
    {
      "Notes": "",
      "Password": "X4bpO3nwvrt7ffnyKxcX",
      "Title": "BBTBNWDFFSYK!!",
      "URL": "",
      "UserName": "Kanye West Vultures-Back to me",
      "_uuid": "fpmmO9HsW0qESYxXlPe+9g==",
      "_times": {
        "CreationTime": "2024-01-07T09:33:21Z",
        "LastModificationTime": "2024-01-07T09:37:06Z",
        "LastAccessTime": "2024-01-07T09:37:06Z",
        "ExpiryTime": "2024-01-07T09:24:02Z",
        "Expires": "False",
        "UsageCount": "1",
        "LocationChanged": "2024-01-07T09:33:21Z"
      },
      "_groups": [
        "bruce"
      ]
    },
    {
      "Notes": "",
      "Password": "xmxTJdmelkiMW3T6Tgby",
      "Title": "in the 90210, 90210 I'm looking for that alley",
      "URL": "",
      "UserName": "Travis Scott",
      "_uuid": "BRP8dozlD0Sn+lUSvilLzA==",
      "_times": {
        "CreationTime": "2024-01-07T09:37:10Z",
        "LastModificationTime": "2024-01-07T09:37:51Z",
        "LastAccessTime": "2024-01-07T09:37:51Z",
        "ExpiryTime": "2024-01-07T09:24:02Z",
        "Expires": "False",
        "UsageCount": "1",
        "LocationChanged": "2024-01-07T09:37:10Z"
      },
      "_groups": [
        "bruce"
      ]
    },
    {
      "Notes": "",
      "Password": "lEH9enpzfJnMPJLKE9m0",
      "Title": "Alls my life I has to fight!!",
      "URL": "",
      "UserName": "Kendrick Lamar",
      "_uuid": "BhHp0I57sk+G04Br8Rn55g==",
      "_times": {
        "CreationTime": "2024-01-07T09:37:54Z",
        "LastModificationTime": "2024-01-07T09:39:09Z",
        "LastAccessTime": "2024-01-07T09:39:09Z",
        "ExpiryTime": "2024-01-07T09:24:02Z",
        "Expires": "False",
        "UsageCount": "1",
        "LocationChanged": "2024-01-07T09:37:54Z"
      },
      "_groups": [
        "bruce"
      ]
    },
    {
      "Notes": "",
      "Password": "Ci1ZIDVhvSozL0ENypma",
      "Title": "and love is evol. spell it backwards, I'll show ya!",
      "URL": "",
      "UserName": "Eminem",
      "_uuid": "exaDTxHZWkyV5OQ/54yL2g==",
      "_times": {
        "CreationTime": "2024-01-07T09:39:11Z",
        "LastModificationTime": "2024-01-07T09:40:27Z",
        "LastAccessTime": "2024-01-07T09:40:27Z",
        "ExpiryTime": "2024-01-07T09:24:02Z",
        "Expires": "False",
        "UsageCount": "1",
        "LocationChanged": "2024-01-07T09:39:11Z"
      },
      "_groups": [
        "bruce"
      ]
    },
    {
      "Notes": "",
      "Password": "882meZ8sbrMfQAzMLTia",
      "Title": "but I'm not really up for conversations!",
      "URL": "",
      "UserName": "RIP Juice World",
      "_uuid": "O9lZsnYgeEGoign8WR8b3g==",
      "_times": {
        "CreationTime": "2024-01-07T09:40:34Z",
        "LastModificationTime": "2024-01-07T09:41:53Z",
        "LastAccessTime": "2024-01-07T09:41:53Z",
        "ExpiryTime": "2024-01-07T09:24:02Z",
        "Expires": "False",
        "UsageCount": "1",
        "LocationChanged": "2024-01-07T09:40:34Z"
      },
      "_groups": [
        "bruce"
      ]
    },
    {
      "Notes": "",
      "Password": "1HbVBfN6MJXNUqqCKo0a",
      "Title": "I've dug two graves for us, my dear",
      "URL": "",
      "UserName": "RIP XXXTentacion",
      "_uuid": "B1aEwWzUD0C0XjeQkP1KEQ==",
      "_times": {
        "CreationTime": "2024-01-07T09:41:55Z",
        "LastModificationTime": "2024-01-07T09:42:42Z",
        "LastAccessTime": "2024-01-07T09:42:42Z",
        "ExpiryTime": "2024-01-07T09:24:02Z",
        "Expires": "False",
        "UsageCount": "1",
        "LocationChanged": "2024-01-07T09:41:55Z"
      },
      "_groups": [
        "bruce"
      ]
    },
    {
      "Notes": "",
      "Password": "6WF8IoC0tOhdKmWvi8UN",
      "Title": "when the vamps outside, lil'bitch, you better be ready!",
      "URL": "",
      "UserName": "playboi carti",
      "_uuid": "com95pt27UO0cAw15qyxGA==",
      "_times": {
        "CreationTime": "2024-01-07T09:42:43Z",
        "LastModificationTime": "2024-01-07T09:43:28Z",
        "LastAccessTime": "2024-01-07T09:43:28Z",
        "ExpiryTime": "2024-01-07T09:24:02Z",
        "Expires": "False",
        "UsageCount": "1",
        "LocationChanged": "2024-01-07T09:42:43Z"
      },
      "_groups": [
        "bruce"
      ]
    },
    {
      "Notes": "",
      "Password": "LkjRTpEvMynwokw8qVCm",
      "Title": "save your tears for an other day!",
      "URL": "",
      "UserName": "Abel Tesfaye",
      "_uuid": "mUM842lfZUCM0NJHDVfFWg==",
      "_times": {
        "CreationTime": "2024-01-07T09:43:30Z",
        "LastModificationTime": "2024-01-07T09:44:17Z",
        "LastAccessTime": "2024-01-07T09:44:17Z",
        "ExpiryTime": "2024-01-07T09:24:02Z",
        "Expires": "False",
        "UsageCount": "1",
        "LocationChanged": "2024-01-07T09:43:30Z"
      },
      "_groups": [
        "bruce"
      ]
    },
    {
      "Notes": "",
      "Password": "QVuqDqJ6w98WRU4aQFIU",
      "Title": "Shut the fuck up, I don't want your conversation, Rollin marijuana , that's a cheap vacataion, My everyday shit, everynight shit",
      "URL": "",
      "UserName": "Frank Ocean",
      "_uuid": "WLqpzwg9x02CAiYV+3SfnA==",
      "_times": {
        "CreationTime": "2024-01-07T09:44:21Z",
        "LastModificationTime": "2024-01-07T09:46:13Z",
        "LastAccessTime": "2024-01-07T09:46:13Z",
        "ExpiryTime": "2024-01-07T09:24:02Z",
        "Expires": "False",
        "UsageCount": "1",
        "LocationChanged": "2024-01-07T09:44:21Z"
      },
      "_groups": [
        "bruce"
      ]
    },
    {
      "Notes": "",
      "Password": "CKKAJNalrrFBCU5c7HTi",
      "Title": "oh she owes me everything and she knows it!",
      "URL": "",
      "UserName": "Lil Wayne",
      "_uuid": "aDwXN6UGZ02wPk7zZZGkyg==",
      "_times": {
        "CreationTime": "2024-01-07T09:46:25Z",
        "LastModificationTime": "2024-01-07T09:47:03Z",
        "LastAccessTime": "2024-01-07T09:47:03Z",
        "ExpiryTime": "2024-01-07T09:24:02Z",
        "Expires": "False",
        "UsageCount": "1",
        "LocationChanged": "2024-01-07T09:46:25Z"
      },
      "_groups": [
        "bruce"
      ]
    },
    {
      "Notes": "",
      "Password": "0ctNw8MONkBz5OvwaLxk",
      "Title": "if yu love me so much, then why you let me go!",
      "URL": "",
      "UserName": "kid cudi",
      "_uuid": "enLN2Azzx0GTbGWUe6T3vg==",
      "_times": {
        "CreationTime": "2024-01-07T09:47:04Z",
        "LastModificationTime": "2024-01-07T09:47:30Z",
        "LastAccessTime": "2024-01-07T09:47:30Z",
        "ExpiryTime": "2024-01-07T09:24:02Z",
        "Expires": "False",
        "UsageCount": "1",
        "LocationChanged": "2024-01-07T09:47:04Z"
      },
      "_groups": [
        "bruce"
      ]
    },
    {
      "Notes": "",
      "Password": "73tXPzJVjHt2hZT2Fdd9",
      "Title": "make no mistake girl I still love you!",
      "URL": "",
      "UserName": "Kanye West",
      "_uuid": "GAsRqKSQ5kWxMsfSyrZbsw==",
      "_times": {
        "CreationTime": "2024-01-07T09:47:31Z",
        "LastModificationTime": "2024-01-07T09:47:47Z",
        "LastAccessTime": "2024-01-07T09:47:47Z",
        "ExpiryTime": "2024-01-07T09:24:02Z",
        "Expires": "False",
        "UsageCount": "1",
        "LocationChanged": "2024-01-07T09:47:31Z"
      },
      "_groups": [
        "bruce"
      ]
    },
    {
      "Notes": "",
      "Password": "iRSwHgDwn8Fk6QisSCJr",
      "Title": "So I dismiss her past until she disappoints your highness!!",
      "URL": "",
      "UserName": "Pusha T",
      "_uuid": "0878UT/OIkaZ+XHbaFmE1A==",
      "_times": {
        "CreationTime": "2024-01-07T09:47:48Z",
        "LastModificationTime": "2024-01-07T09:48:44Z",
        "LastAccessTime": "2024-01-07T09:48:44Z",
        "ExpiryTime": "2024-01-07T09:24:02Z",
        "Expires": "False",
        "UsageCount": "1",
        "LocationChanged": "2024-01-07T09:47:48Z"
      },
      "_groups": [
        "bruce"
      ]
    },
    {
      "Notes": "",
      "Password": "X8HjjHmY25cnNWT9NicM",
      "Title": "Dark Knight feeling, die or be a hero",
      "URL": "",
      "UserName": "Jay Z",
      "_uuid": "tGVXMR3eMUybRGPFmZCf6w==",
      "_times": {
        "CreationTime": "2024-01-07T09:48:48Z",
        "LastModificationTime": "2024-01-07T09:49:18Z",
        "LastAccessTime": "2024-01-07T09:49:18Z",
        "ExpiryTime": "2024-01-07T09:24:02Z",
        "Expires": "False",
        "UsageCount": "1",
        "LocationChanged": "2024-01-07T09:48:48Z"
      },
      "_groups": [
        "bruce"
      ]
    },
    {
      "Notes": "",
      "Password": "MyWCIyKeOR9LM8EZJKeK",
      "Title": "metroooooooooooooooo!!",
      "URL": "",
      "UserName": "metro boomin",
      "_uuid": "xUE9MewGCUOwLTE62KvImg==",
      "_times": {
        "CreationTime": "2024-01-07T09:49:23Z",
        "LastModificationTime": "2024-01-07T09:50:14Z",
        "LastAccessTime": "2024-01-07T09:50:14Z",
        "ExpiryTime": "2024-01-07T09:24:02Z",
        "Expires": "False",
        "UsageCount": "1",
        "LocationChanged": "2024-01-07T09:49:23Z"
      },
      "_groups": [
        "bruce"
      ]
    },
    {
      "Notes": "",
      "Password": "sw1zwJjvpqVvFNANws1v",
      "Title": "The ArchAngel of Vengence",
      "URL": "",
      "UserName": "Azr43lKn1ght",
      "_uuid": "wS9Rky09f0KQ0zM23sK+aw==",
      "_times": {
        "CreationTime": "2024-01-07T09:50:27Z",
        "LastModificationTime": "2024-01-07T09:51:25Z",
        "LastAccessTime": "2024-01-07T09:51:34Z",
        "ExpiryTime": "2024-01-07T09:24:02Z",
        "Expires": "False",
        "UsageCount": "2",
        "LocationChanged": "2024-01-07T09:51:34Z"
      },
      "_groups": [
        "bruce",
        "Recycle Bin"
      ]
    }
  ]
}
