  1848 /Users/halilozturkci/DFIR/SwarmRuns-vm/s421201/.jobs/j000009/ascii_hits.txt
  3089 /Users/halilozturkci/DFIR/SwarmRuns-vm/s421201/.jobs/j000009/utf16_hits.txt
  4937 total
11252256 {6D809377-6AF0-444B-8957-A3773F02200E}\KeePass Password Safe 2\KeePass.exe
11252832 {7C5A40EF-A0FB-4BFC-874A-C0F2E0B9FA8E}\KeePass Password Safe 2\KeePass.exe
11252928 {6D809377-6AF0-444B-8957-A3773F02200E}\KeePass Password Safe 2\KeePass.exe
11253312 {6D809377-6AF0-444B-8957-A3773F02200E}\KeePass Password Safe 2\KeePass.exe
11253600 {7C5A40EF-A0FB-4BFC-874A-C0F2E0B9FA8E}\KeePass Password Safe 2\KeePass.exe
11254560 {6D809377-6AF0-444B-8957-A3773F02200E}\KeePass Password Safe 2\KeePass.exe
18870707 l[{"application":"{6D809377-6AF0-444B-8957-A3773F02200E}\\KeePass Password Safe 2\\KeePass.exe","platform":"windows_win32"},{"application":"{7C5A40EF-A0FB-4BFC-874A-C0F2E0B9FA8E}\\KeePass Password Safe 2\\KeePass.exe","platform":"windows_win32"},{"application":"{6D809377-6AF0-444B-8957-A3773F02200E}\\KeePass Password Safe 2\\KeePass.exe","platform":"packageId"},{"application":"","platform":"alternateId"}]6MYBtTFFGOjLzXy4t88PskM+uG9H5+ahA9mrDwevVoM=ECB32AF3-1440-4086-94E3-5311F97F89C4
19904827 {6d809377-6af0-444b-8957-a3773f02200e}\keepass password safe 2\keepass.exepackageid
19905043 {6d809377-6af0-444b-8957-a3773f02200e}\keepass password safe 2\keepass.exepackageid
19905151 {6d809377-6af0-444b-8957-a3773f02200e}\keepass password safe 2\keepass.exepackageid
19905259 {6d809377-6af0-444b-8957-a3773f02200e}\keepass password safe 2\keepass.exepackageid
19905367 {6d809377-6af0-444b-8957-a3773f02200e}\keepass password safe 2\keepass.exepackageid
19905475 {6d809377-6af0-444b-8957-a3773f02200e}\keepass password safe 2\keepass.exepackageid
19905583 {6d809377-6af0-444b-8957-a3773f02200e}\keepass password safe 2\keepass.exepackageid
19905691 {6d809377-6af0-444b-8957-a3773f02200e}\keepass password safe 2\keepass.exepackageid
19905799 {6d809377-6af0-444b-8957-a3773f02200e}\keepass password safe 2\keepass.exepackageid
19905907 {6d809377-6af0-444b-8957-a3773f02200e}\keepass password safe 2\keepass.exepackageid
19906015 {6d809377-6af0-444b-8957-a3773f02200e}\keepass password safe 2\keepass.exepackageid
19906123 {6d809377-6af0-444b-8957-a3773f02200e}\keepass password safe 2\keepass.exepackageid
19906231 {6d809377-6af0-444b-8957-a3773f02200e}\keepass password safe 2\keepass.exepackageid
19906338 {6d809377-6af0-444b-8957-a3773f02200e}\keepass password safe 2\keepass.exepackageid
19906446 {6d809377-6af0-444b-8957-a3773f02200e}\keepass password safe 2\keepass.exepackageid
33282576 {7C5A40EF-A0FB-4BFC-874A-C0F2E0B9FA8E}\KeePass Password Safe 2\KeePass.exe
34475772 LastPasswordModTime
95680025 FastopenPassiveOpens
96477216 {7C5A40EF-A0FB-4BFC-874A-C0F2E0B9FA8E}\KeePass Password Safe 2\KeePass.exe
96481568 {6D809377-6AF0-444B-8957-A3773F02200E}\KeePass Password Safe 2\KeePass.exe
96483392 {6D809377-6AF0-444B-8957-A3773F02200E}\KeePass Password Safe 2\KeePass.exe
164044476 Chrome Password Manager was present upon navigating away.
164364900 M:packageid{6d809377-6af0-444b-8957-a3773f02200e}\keepass password safe 2\keepass.exee
164365012 M:windows_win32{7c5a40ef-a0fb-4bfc-874a-c0f2e0b9fa8e}\keepass password safe 2\keepass.exee
164365128 M:windows_win32{6d809377-6af0-444b-8957-a3773f02200e}\keepass password safe 2\keepass.exee
164366270 cpackageid{6d809377-6af0-444b-8957-a3773f02200e}\keepass password safe 2\keepass.exee
164366382 cwindows_win32{7c5a40ef-a0fb-4bfc-874a-c0f2e0b9fa8e}\keepass password safe 2\keepass.exee
164366498 cwindows_win32{6d809377-6af0-444b-8957-a3773f02200e}\keepass password safe 2\keepass.exee
164366647 packageid{6d809377-6af0-444b-8957-a3773f02200e}\keepass password safe 2\keepass.exee
164366759 windows_win32{7c5a40ef-a0fb-4bfc-874a-c0f2e0b9fa8e}\keepass password safe 2\keepass.exee
164366875 windows_win32{6d809377-6af0-444b-8957-a3773f02200e}\keepass password safe 2\keepass.exee
164367165 packageid{6d809377-6af0-444b-8957-a3773f02200e}\keepass password safe 2\keepass.exee
164367277 windows_win32{7c5a40ef-a0fb-4bfc-874a-c0f2e0b9fa8e}\keepass password safe 2\keepass.exee
166781348 KeePassHtml2x
166781488 KeePassLib.Delegates
166781977 KeePass
166782756 LastPassCsv2
166783326 KeePassKdb1x
166783782 KeePassKdb2x
166783795 KeePassKdb2x3
189744042 keepass
197683398 KeePass.Forms.PwEntryFormTab
200189584 C:\Program Files\KeePass Password Safe 2\KeePass.exe
206973228 ECB32AF3-1440-4086-94E3-5311F97F89C4\{Local Downloads}\bruce.kdbx
206973301 ECB32AF3-1440-4086-94E3-5311F97F89C4\{Local Downloads}\bruce.kdbx
206973374 ECB32AF3-1440-4086-94E3-5311F97F89C4\{Local Downloads}\bruce.kdbx
209502602 			<Path>..\..\Users\Carmine Falcone\Downloads\bruce.kdbx</Path>
209502856 					<Path>..\..\Users\Carmine Falcone\Downloads\bruce.kdbx</Path>
209506077 				<DatabasePath>..\..\Users\Carmine Falcone\Downloads\bruce.kdbx</DatabasePath>
212000983 packageid{6d809377-6af0-444b-8957-a3773f02200e}\keepass password safe 2\keepass.exee
212001095 windows_win32{7c5a40ef-a0fb-4bfc-874a-c0f2e0b9fa8e}\keepass password safe 2\keepass.exee
212001211 windows_win32{6d809377-6af0-444b-8957-a3773f02200e}\keepass password safe 2\keepass.exee
212003560 0packageid{6d809377-6af0-444b-8957-a3773f02200e}\keepass password safe 2\keepass.exee
212003672 0windows_win32{7c5a40ef-a0fb-4bfc-874a-c0f2e0b9fa8e}\keepass password safe 2\keepass.exee
212003788 0windows_win32{6d809377-6af0-444b-8957-a3773f02200e}\keepass password safe 2\keepass.exee
212004422 lpackageid{6d809377-6af0-444b-8957-a3773f02200e}\keepass password safe 2\keepass.exee
212004534 lwindows_win32{7c5a40ef-a0fb-4bfc-874a-c0f2e0b9fa8e}\keepass password safe 2\keepass.exee
212004650 lwindows_win32{6d809377-6af0-444b-8957-a3773f02200e}\keepass password safe 2\keepass.exee
213189604 packageid{6d809377-6af0-444b-8957-a3773f02200e}\keepass password safe 2\keepass.exee
213189716 windows_win32{7c5a40ef-a0fb-4bfc-874a-c0f2e0b9fa8e}\keepass password safe 2\keepass.exee
213189832 windows_win32{6d809377-6af0-444b-8957-a3773f02200e}\keepass password safe 2\keepass.exee
213191092 packageid{6d809377-6af0-444b-8957-a3773f02200e}\keepass password safe 2\keepass.exee
213191204 windows_win32{7c5a40ef-a0fb-4bfc-874a-c0f2e0b9fa8e}\keepass password safe 2\keepass.exee
213191320 windows_win32{6d809377-6af0-444b-8957-a3773f02200e}\keepass password safe 2\keepass.exee
246565754 3f02200e}\keepass pass
264450287 M:[{"application":"{6D809377-6AF0-444B-8957-A3773F02200E}\\KeePass Password Safe 2\\KeePass.exe","platform":"windows_win32"},{"application":"{7C5A40EF-A0FB-4BFC-874A-C0F2E0B9FA8E}\\KeePass Password Safe 2\\KeePass.exe","platform":"windows_win32"},{"application":"{6D809377-6AF0-444B-8957-A3773F02200E}\\KeePass Password Safe 2\\KeePass.exe","platform":"packageId"},{"application":"","platform":"alternateId"}]6MYBtTFFGOjLzXy4t88PskM+uG9H5+ahA9mrDwevVoM=ECB32AF3-1440-4086-94E3-5311F97F89C4
264527999 KeePass.exe
265834496 Url","K":1014,"Q":"buffalo bills","Val":"TS","Ho":0,"Gr":62},{"T":"D.Url","K":1015,"Q":"connections hints today","Val":"TS","Ho":0,"Gr":62}]},{"T":"D.TOPP","AppNS":"SmartSearch","Service":"AutoSuggest","Scenario":"TOPP","SC":16,"DS":[{"T":"D.Url","K":1016,"Q":"File Explorer","Val":"TOPL","Ho":2,"Gr":36,"DeviceSignals":{"Rank":0,"PHits":"System.ParsingName","Id":"Microsoft.Windows.Explorer","DName":"File Explorer","LAD":"2024-01-07T10:36:26.866Z","AppLnch":12,"Args":0,"MDN":0,"Ext":""}},{"T":"D.Url","K":1017,"Q":"KeePass 2","Val":"TOPL","Ho":2,"Gr":36,"DeviceSignals":{"Rank":0,"PHits":"System.ParsingName","Id":"{6D809377-6AF0-444B-8957-A3773F02200E}\\KeePass Password Safe 2\\KeePass.exe","DName":"KeePass 2","LAD":"2024-01-07T17:21:38.405Z","AppLnch":8,"Args":0,"MDN":0,"Ext":".exe"}},{"T":"D.Url","K":1018,"Q":"Exodus","Val":"TOPL","Ho":2,"Gr":36,"DeviceSignals":{"Rank":0,"PHits":"System.ParsingName","Id":"com.squirrel.exodus.Exodus","DName":"Exodus","LAD":"2024-01-07T17:21:40.048Z","AppLnch":7,"Args":0,"MDN":0,"Ext":".exe"}},{"T":"D.Url","K":1019,"Q":"Thunderbird","Val":"TOPL","Ho":2,"Gr":36,"DeviceSignals":{"Rank":0,"PHits":"System.ParsingName","Id":"D78BF5DD33499EC2","DName":"Thunderbird","LAD":"2024-01-07T17:21:16.813Z","AppLnch":3,"Args":0,"MDN":0,"Ext":".exe"}},{"T":"D.Url","K":1020,"Q":"Notepad","Val":"TOPL","Ho":2,"Gr":36,"DeviceSignals":{"Rank":0,"PHits":"System.ParsingName","Id":"{1AC14E77-02E7-4E5D-B744-2EB1AE5198B7}\\notepad.exe","DName":"Notepad","LAD":"2024-01-07T17:21:49.504Z","AppLnch":2,"Args":0,"MDN":0,"Ext":".exe"}},{"T":"D.Url","K":1021,"Q":"Microsoft Store","Val":"TOPL","Ho":2,"Gr":36,"DeviceSignals":{"Rank":0,"PHits":"System.ParsingName","Id":"Microsoft.WindowsStore_8wekyb3d8bbwe!App","DName":"Microsoft Store","LAD":"2024-01-07T10:43:47.240Z","AppLnch":1,"Args":0,"MDN":1,"Ext":""}},{"T":"D.Url","K":1039,"Val":"JL","Ho":2,"Gr":15,"DeviceSignals":{"Rank":25,"LAD":"2024-01-07T00:00:00.000Z"}},{"T":"D.Url","K":1040,"Val":"JL","Ho":2,"Gr":15,"DeviceSignals":{"Rank":26.979999542236328,"LAD":"2024-01-07T00:00:00.000Z"}},{"T":"D.Url","K":1041,"Val":"JL","Ho":2,"Gr":15,"DeviceSignals":{"Rank":16,"LAD":"2024-01-07T00:00:00.000Z"}},{"T":"D.Url","K":1042,"Val":"JL","Ho":2,"Gr":15,"DeviceSignals":{"Rank":3.9000000953674316,"LAD":"2024-01-07T00:00:00.000Z"}},{"T":"D.Url","K":1043,"Val":"JL","Ho":2,"Gr":17,"DeviceSignals":{"Rank":3.799999952316284,"LAD":"2024-01-07T00:00:00.000Z"}},{"T":"D.Url","K":1044,"Val":"JL","Ho":2,"Gr":17,"DeviceSignals":{"Rank":3.700000047683716,"LAD":"2024-01-07T00:00:00.000Z"}},{"T":"D.Url","K":1045,"Val":"JL","Ho":2,"Gr":17,"DeviceSignals":{"Rank":3,"LAD":"2024-01-07T00:00:00.000Z"}},{"T":"D.Url","K":1046,"Val":"JL","Ho":2,"Gr":16,"DeviceSignals":{"Rank":1,"LAD":"2024-01-07T00:00:00.000Z"}},{"T":"D.Url","K":1047,"Q":"Write new message","Val":"JL","Ho":2,"Gr":14},{"T":"D.Url","K":1048,"Q":"Open address book","Val":"JL","Ho":2,"Gr":14}]},{"T":"D.DFLS","AppNS":"SmartSearch","Service":"AutoSuggest","Scenario":"DFLS","SC":14,"DS":[{"T":"D.Url","K":1022,"Q":"Microsoft Edge","Val":"DFLS","Ho":2,"Gr":53,"DeviceSignals":{"Rank":0,"PHits":"System.ParsingName","Id":"MSEdge","DName":"Microsoft Edge","Ext":".exe"}},{"T":"D.Url","K":1023,"Q":"Tips","Val":"DFLS","Ho":2,"Gr":53,"DeviceSignals":{"Rank":0,"PHits":"System.ParsingName","Id":"Microsoft.Getstarted_8wekyb3d8bbwe!App","DName":"Tips","Ext":""}},{"T":"D.Url","K":1024,"Q":"Email and accounts","Val":"DFLS","Ho":2,"Gr":53},{"T":"D.Url","K":1025,"Q":"Snipping Tool","Val":"DFLS","Ho":2,"Gr":53,"DeviceSignals":{"Rank":0,"PHits":"System.ParsingName","Id":"{1AC14E77-02E7-4E5D-B744-2EB1AE5198B7}\\SnippingTool.exe","DName":"Snipping Tool","Ext":".exe"}},{"T":"D.Url","K":1026,"Q":"Check for updates","Val":"DFLS","Ho":2,"Gr":53},{"T":"D.Url","K":1027,"Q":"This PC","Val":"DFLS","Ho":2,"Gr":53,"DeviceSignals":{"Rank":0,"PHits":"System.ParsingName","Id":"Microsoft.Windows.Computer","DName":"This PC","Ext":""}},{"T":"D.Url","K":1028,"Q":"Paint","Val":"DFLS","Ho":2,"Gr":53,"DeviceSignals":{"Rank":0,"PHits":"System.ParsingName","Id":"{1AC14E77-02E7-4E5D-B744-2EB1AE5|
276381061 Qsoftware\nirsoft\messenpass.aim.session.password\mspass\release\mspass.pdbTrojanDownloader:O97M/Qakbot.RSA!MTB
343883808 c:\users\carmin~1\appdata\local\temp\is-4sbo3.tmp\keepass-2.53.1-setup.tmpx_exe_path
343883943 c:\users\carmin~1\appdata\local\temp\is-4sbo3.tmp\keepass-2.53.1-setup.tmpx_exe_path
343884078 c:\users\carmin~1\appdata\local\temp\is-em9uh.tmp\keepass-2.53.1-setup.tmpx_exe_path
343886354 {6d809377-6af0-444b-8957-a3773f02200e}\keepass password safe 2\keepass.exewindows_win32
343886470 {7c5a40ef-a0fb-4bfc-874a-c0f2e0b9fa8e}\keepass password safe 2\keepass.exewindows_win32
343887071 {6d809377-6af0-444b-8957-a3773f02200e}\keepass password safe 2\keepass.exepackageid
343887183 {6d809377-6af0-444b-8957-a3773f02200e}\keepass password safe 2\keepass.exewindows_win32
355478952 [{"application":"C:\\Users\\CARMIN~1\\AppData\\Local\\Temp\\is-4SBO3.tmp\\KeePass-2.53.1-Setup.tmp","platform":"x_exe_path"},{"application":"C:\\Users\\CARMIN~1\\AppData\\Local\\Temp\\is-4SBO3.tmp\\KeePass-2.53.1-Setup.tmp","platform":"packageId"},{"application":"","platform":"alternateId"}]OrplQ/hTAAIDfJfbbmebhAm+Qr/P3Y5ue9JLPtnNkP8=ECB32AF3-1440-4086-94E3-5311F97F89C4
355479349 {"displayText":"KeePass-2.53.1-Setup.tmp","activationUri":"ms-shellactivity:","appDisplayName":"KeePass-2.53.1-Setup.tmp","backgroundColor":"black"}
356003496 [{"application":"C:\\Users\\CARMIN~1\\AppData\\Local\\Temp\\is-4SBO3.tmp\\KeePass-2.53.1-Setup.tmp","platform":"x_exe_path"},{"application":"C:\\Users\\CARMIN~1\\AppData\\Local\\Temp\\is-4SBO3.tmp\\KeePass-2.53.1-Setup.tmp","platform":"packageId"},{"application":"","platform":"alternateId"}]OrplQ/hTAAIDfJfbbmebhAm+Qr/P3Y5ue9JLPtnNkP8=ECB32AF3
363177741 C:\Program Files\KeePass Password Safe 2\KeePass.exe
376121857 @mozilla.org/nsTokenPasswordDialogs;1
401600304 ErrBFICacheUpdateStatistics() -> %d completed in %d ms, g_qwUnintendedResidentPagesLastPass  = %d, b: %d, %d, %d, a: %d, %d, %d ... res-stats: %d, %d, %d ... %d
412963332 packageid{6d809377-6af0-444b-8957-a3773f02200e}\keepass password safe 2\keepass.exee
412963444 windows_win32{7c5a40ef-a0fb-4bfc-874a-c0f2e0b9fa8e}\keepass password safe 2\keepass.exee
412963560 windows_win32{6d809377-6af0-444b-8957-a3773f02200e}\keepass password safe 2\keepass.exee
412965667 V[{"application":"{6D809377-6AF0-444B-8957-A3773F02200E}\\KeePass Password Safe 2\\KeePass.exe","platform":"windows_win32"},{"application":"{7C5A40EF-A0FB-4BFC-874A-C0F2E0B9FA8E}\\KeePass Password Safe 2\\KeePass.exe","platform":"windows_win32"},{"application":"{6D809377-6AF0-444B-8957-A3773F02200E}\\KeePass Password Safe 2\\KeePass.exe","platform":"packageId"},{"application":"","platform":"alternateId"}]6MYBtTFFGOjLzXy4t88PskM+uG9H5+ahA9mrDwevVoM=ECB32AF3-1440-4086-94E3-5311F97F89C4
415312751 packageid{6d809377-6af0-444b-8957-a3773f02200e}\keepass password safe 2\keepass.exee
415312863 windows_win32{7c5a40ef-a0fb-4bfc-874a-c0f2e0b9fa8e}\keepass password safe 2\keepass.exee
415312979 windows_win32{6d809377-6af0-444b-8957-a3773f02200e}\keepass password safe 2\keepass.exee
415330629 packageidc:\users\carmin~1\appdata\local\temp\is-4sbo3.tmp\keepass-2.53.1-setup.tmpe
415330740 x_exe_pathc:\users\carmin~1\appdata\local\temp\is-4sbo3.tmp\keepass-2.53.1-setup.tmpe
415330883 x_exe_pathc:\users\carmin~1\appdata\local\temp\is-4sbo3.tmp\keepass-2.53.1-setup.tmpe
415331024 N2x_exe_pathc:\users\carmin~1\appdata\local\temp\is-em9uh.tmp\keepass-2.53.1-setup.tmpe
1101042 bruce.kdbx
3714386 KeePass Password Safe 2
4583960 s\Carmine Falcone\AppData\Roaming\KeePass
4585400 s\Carmine Falcone\AppData\Roaming\KeePass
5844786 KeePass-2.53.1-Setup.exe
7859704 KeePass 2
13067696 C:\Program Files\KeePass Password Safe 2\KeePass.exe
13848072 .kdbx
20103036 Restart timer on KeePass activity
20822104 KeePass 2.lnk
23813834 ine Falcone\Desktop\KeePass 2.lnk
24170159 KeePass Password Safe 2
28637650 KeePass
28638309 KeePass 2.lnk
28638423 KeePass 2
29105760 \Device\HarddiskVolume2\Program Files\KeePass Password Safe 2\KeePass.exe
36134016 \Users\Carmine Falcone\Downloads\KeePass-2.53.1-Setup.exe
38847584 \Users\Carmine Falcone\AppData\Roaming\KeePass\KeePass.config.xmlcUnique
38889262 }:"C:\\Program Files\\KeePass Password Safe 2\\KeePass.exe"}
62502817 KeePass_UrlOverride.tmp
62502865 [KeePass]
62504638 KeePass.Resources.KPRes
62504686 KeePassLib.Resources.KLRes
63599260 ..\..\Users\Carmine Falcone\Downloads\bruce.kdbx
63868992 $<KeePass.config.xml
63869672 $<KeePass.config.xml
63871288 $<KeePass.config.xml
63872352 $<KeePass.config.xml
83763912 bruce.kdbx
83764008 KeePass 2
83764104 bruce.kdbx
83765208 KeePass 2
89527504 \Device\HarddiskVolume2\Program Files\KeePass Password Safe 2\KeePass.exe.config
90615020 KeePass 2
90615724 KeePass 2
103524613 KdbKeePassLibC
103524725 KeePassLibCLong
103524757 KeePassLibCNotFound
103524797 KeePassLibCNotWindows
103524841 KeePassLibCNotWindowsHint
103566048 C:\Users\Carmine Falcone\Desktop\KeePass 2.lnk
108777200 ppIconCache\100\{6D809377-6AF0-444B-8957-A3773F02200E}_KeePass Password Safe 2_KeePass_exe
114136152 KeePass 2.lnk
120530928 file:///C:/Program%20Files/KeePass%20Password%20Safe%202/KeePass.exe
120532208 file:///C:/Program%20Files/KeePass%20Password%20Safe%202/KeePass.exe
129473226 KeePass 2.lnk
137045580 A KeePass emergency sheet contains all important information that is required to open your database. It should be printed, filled out and stored in a secure location, where only you and possibly a few other people that you trust have access to.
137046071 KeePass will print an emergency sheet, which you can then fill out.
140026632 KeePass
140026668 KeePass
140029016 KeePass
140029052 KeePass
141728934 -C:\Users\Carmine Falcone\Downloads\bruce.kdbx
146523016 6AF0-444B-8957-A3773F02200E}\KeePass Passwor
146524136 6AF0-444B-8957-A3773F02200E}\KeePass Passwor
147980232 iles\KeePass Password SafeAR
159024240 \Device\HarddiskVolume2\Users\Carmine Falcone\Desktop\KeePass 2.lnk
165401568 !!KeePass.exe!2023/02/08:10:33:50!322189!
165403488 !!KeePass.exe!2023/02/08:10:33:50!322189!
166036152 ftware\Classes\SystemFileAssociations\.kdbx
166036240 asses\SystemFileAssociations\.kdbx
170562064 C:\Program Files\KeePass Password Safe 2\KeePass.exe
172102096 C:\Users\Carmine Falcone\Desktop\KeePass 2.lnk
172103176 KeePass 2.lnk
172605520 !!KeePass.exe!2023/02/08:10:33:50!322189!
178331008 bruce.kdbx - KeePass
181624884 \KeePass-2.53.1-Setup.exe
182435600 d Safe 2\KeePass.exe
197750962 KeePass KDB (1.x)
197751973 cmd://"{APPDIR}\KeePass.exe" "{BASE:RMVSCM}" -pw-enc:"{PASSWORD_ENC}"
197752114 cmd://mono "{APPDIR}/KeePass.exe" "{BASE:RMVSCM}" -pw-enc:"{PASSWORD_ENC}"
197752786 KeePass KDBX (2.x)
197752824 KeePass KDBX (2.34, 
197752918 KeePass Plugin
197753106 KeePass Password Safe 2
197753154 KeePass 2 PreLoad
197753190 KeePassAppMutex
197753222 KeePassAppMutexEx
197753350 KeePass.exe
197753374 KeePass.XmlSerializers.dll
197825196 One or more of the KeePass self-tests failed.
197828281 Restart timer on KeePass activity
197830478 Do you wish to restart KeePass now?
197830968 KeePass - Save Before Close/Lock?
197831928 Note: KeePass shows this simple file browser dialog, because standard Windows file dialogs cannot be shown on the secure desktop for security reasons.
197832231 KeePass will cancel the current dialog and switch to the normal desktop. The requested operation will then be performed on the normal desktop.
201323360 \Device\HarddiskVolume2\Program Files\KeePass Password Safe 2\KeePass.XmlSerializers.dll
206385276 C:\Program Files\KeePass Password Safe 2\KeePass.exe
206389164 C:\Program Files\KeePass Password Safe 2\K
206458972 {"ProcessId":8444,"WindowId":0,"IsInVirtualizationContainer":false,"AppId":"KeePass.exe","AppPath":"C:\\Program Files\\KeePass Password Safe 2\\KeePass.exe"}
206459324 {"ProcessId":3768,"WindowId":0,"IsInVirtualizationContainer":false,"AppId":"KeePass.exe","AppPath":"C:\\Program Files\\KeePass Password Safe 2\\KeePass.exe"}
206460732 {"ProcessId":3768,"WindowId":0,"IsInVirtualizationContainer":false,"AppId":"KeePass.exe","AppPath":"C:\\Program Files\\KeePass Password Safe 2\\KeePass.exe"}
206461436 {"ProcessId":9416,"WindowId":0,"IsInVirtualizationContainer":false,"AppId":"KeePass.exe","AppPath":"C:\\Program Files\\KeePass Password Safe 2\\KeePass.exe"}
206463196 {"ProcessId":1068,"WindowId":0,"IsInVirtualizationContainer":false,"AppId":"KeePass.exe","AppPath":"C:\\Program Files\\KeePass Password Safe 2\\KeePass.exe"}
206463548 {"ProcessId":9416,"WindowId":0,"IsInVirtualizationContainer":false,"AppId":"KeePass.exe","AppPath":"C:\\Program Files\\KeePass Password Safe 2\\KeePass.exe"}
206464252 {"ProcessId":3768,"WindowId":0,"IsInVirtualizationContainer":false,"AppId":"KeePass.exe","AppPath":"C:\\Program Files\\KeePass Password Safe 2\\KeePass.exe"}
206464604 {"ProcessId":9416,"WindowId":0,"IsInVirtualizationContainer":false,"AppId":"KeePass.exe","AppPath":"C:\\Program Files\\KeePass Password Safe 2\\KeePass.exe"}
206465308 {"ProcessId":8444,"WindowId":0,"IsInVirtualizationContainer":false,"AppId":"KeePass.exe","AppPath":"C:\\Program Files\\KeePass Password Safe 2\\KeePass.exe"}
206466012 {"ProcessId":9416,"WindowId":0,"IsInVirtualizationContainer":false,"AppId":"KeePass.exe","AppPath":"C:\\Program Files\\KeePass Password Safe 2\\KeePass.exe"}
206466364 {"ProcessId":7008,"WindowId":0,"IsInVirtualizationContainer":false,"AppId":"KeePass.exe","AppPath":"C:\\Program Files\\KeePass Password Safe 2\\KeePass.exe"}
