{
  "1": {
    "w": 6,
    "|": 2,
    "Q": 68,
    "B": 6,
    "}": 25,
    "j": 7,
    "+": 2,
    "s": 1,
    "r": 2,
    "{": 3,
    ":": 3,
    "d": 2,
    "Y": 3,
    ",": 3,
    "2": 2,
    "e": 5,
    "o": 2,
    "L": 1,
    "O": 1,
    "U": 2,
    "S": 1,
    "!": 3,
    "5": 4,
    "`": 7,
    "X": 3,
    "6": 2,
    "%": 3,
    ")": 4,
    "&": 4,
    "\"": 3,
    " ": 4,
    "'": 3,
    "-": 1,
    "@": 1,
    "R": 1,
    ";": 3,
    "8": 1,
    "F": 1,
    "1": 2,
    "i": 10,
    "0": 3,
    "c": 1,
    "u": 1,
    "q": 1,
    "a": 1,
    "\\": 2,
    "3": 1,
    "t": 2,
    "H": 2,
    "A": 1,
    "y": 2,
    "7": 2,
    "4": 1,
    "*": 1,
    "=": 1,
    "C": 1,
    "<": 1,
    "9": 1,
    "p": 1
  },
  "2": {
    "&": 10
  },
  "3": {
    "Y": 10
  },
  "5": {
    "Q": 10
  },
  "6": {
    ")": 10
  },
  "7": {
    "8": 10
  },
  "8": {
    "h": 10,
    "T": 1
  },
  "9": {
    "<": 10
  },
  "10": {
    ")": 10
  },
  "11": {
    "1": 10
  },
  "12": {
    "T": 9
  },
  "13": {
    "2": 10
  },
  "14": {
    "j": 10
  }
}
