top
[9, 'instance1', 's30:32', 0, 'dblasts', 'ctrle'] [[68, 3596564260], [96, 2547686]]
[8, 'instance_db', 's64:16h', 0, 'dblastsfront', 'ctrle'] [[68, 3812756097], [96, 3265101]]
[8, 'instance_db', 's37:24', 0, 'zero', 'ctrle'] [[68, 2256991216], [96, 4599421]]
[8, 'instance_db', 's37:24', 0, 'zero', 'ctr'] [[68, 2256991216], [96, 4599421]]
[8, 'instance_db', 's26:16', 0, 'hostlast', 'ctr'] [[68, 926273606], [96, 2456576]]
[8, 'instance_db', 's0:24h', 0, 'hostlast', 'ctrle'] [[68, 2603463559], [96, 4696321]]
[8, 'instance1', 's47:32h', 0, 'dbfirst', 'ctrle'] [[68, 3922964881], [96, 4277042]]
[8, 'instance1', 's20:16h', 0, 'dbfirst', 'ctr'] [[68, 3201258229], [96, 4575765]]
[3, 'instance_db', 's7:24h', 24, 'dblasts', 'ctr'] [[48, 66880619], [68, 1980427704], [92, 0]]
[3, 'instance_db', 's59:16', 24, 'dbfirst', 'ctr'] [[60, 80911825], [68, 3614471220], [92, 0]]
[3, 'instance_db', 's57:24h', 0, 'dbfirst', 'ctrle'] [[48, 38180281], [68, 3936995938]]
[3, 'instance_db', 's51:16h', 24, 'dblastsfront', 'ctrle'] [[60, 21126627], [68, 2950155459], [92, 0]]
[3, 'instance_db', 's51:16', 16, 'dbfirst', 'ctrle'] [[48, 65527001], [68, 4071113372], [92, 0]]
[3, 'instance_db', 's41:24h', 16, 'dblasts', 'ctr'] [[48, 70749044], [68, 609363272], [92, 0]]
[3, 'instance_db', 's3:16h', 16, 'dbfirst', 'ctr'] [[48, 12993784], [60, 57586042], [68, 2351192845], [92, 0]]
[3, 'instance_db', 's39:16', 24, 'dbfirst', 'ctrle'] [[48, 9597748], [60, 41317390], [68, 1926409471], [92, 0]]
[3, 'instance_db', 's38:32h', 24, 'dblasts', 'ctr'] [[60, 21417864], [68, 2642385606], [92, 0]]
[3, 'instance_db', 's38:16h', 24, 'dblastsfront', 'ctrle'] [[48, 51776877], [60, 59970548], [68, 2655557369], [92, 0]]
[3, 'instance_db', 's36:16h', 16, 'dblastsfront', 'ctrle'] [[48, 6973740], [60, 76973548], [68, 2836447582], [92, 0]]
[3, 'instance_db', 's36:16', 16, 'dblasts', 'ctr'] [[48, 76181723], [60, 61253817], [68, 776224004], [92, 0]]
[3, 'instance_db', 's35:24h', 24, 'dblastsfront', 'ctr'] [[48, 7123301], [60, 42308052], [68, 548120291], [92, 0]]
[3, 'instance_db', 's29:16', 16, 'hostlast', 'ctrle'] [[68, 775801468], [92, 0]]
[3, 'instance_db', 's23:16', 24, 'dblastsfront', 'ctrle'] [[40, 79696], [68, 2913379951], [92, 0]]
[3, 'instance_db', 's20:32h', 16, 'dbfirst', 'ctr'] [[48, 29364040], [68, 1400623154], [92, 0]]
[3, 'instance_db', 's11:24', 16, 'dblasts', 'ctr'] [[48, 43782321], [60, 80329553], [68, 3881801329], [92, 0]]
[3, 'instance1', 's44:32h', 0, 'hostlast', 'ctr'] [[68, 557285745]]
[3, 'instance1', 's40:32', 16, 'hostlast', 'ctr'] [[48, 31981406], [68, 3771449550], [92, 0]]
[3, 'instance1', 's39:24', 16, 'dblastsfront', 'ctr'] [[68, 2130785625], [92, 0]]
[3, 'instance1', 's38:24', 24, 'hostlast', 'ctrle'] [[68, 1356397707], [92, 0]]
[3, 'instance1', 's31:24h', 16, 'dblastsfront', 'ctrle'] [[48, 4315193], [60, 23625903], [68, 3716227578], [92, 0]]
