320193940: #/.b3
320194387: MON/L)
320221184: UQ&rO1G.wOOOa1G.w1G.wO(^Q&rO1G/QOOOb1G/Q1G/QO(fQ&rO1G/TOOOd1G/T1G/TO(nQ&rO1G/WOOO`1G/W1G/WOOO`1G/Y1G/YO(yQ&rO1G/YOOOa-E7[-E7[O)RQ#tO'#CyOOO`1G.v1G.vOOOb-E7]-E7]O)WQ#tO'#C|OOOd-E7^-E7^O)]Q#tO'#DPOOO`-E7_-E7_O)bQ#|O,59mOOOp-E7`-E7`OOO`1G/Z1G/ZOOO`1G/]1G/]OOO`1G/^1G/^O)gQ,UO,59_OOQW-E7X-E7XOOOa7+$c7+$c
320223888: #%g!aR!YOX$qXY,QYZ,QZ[$q[]&X]^,Q^p$qpq,Qqr-_rs4ysv-_vw5iwxJ^x}-_}!OKP!O!P-_!P!Q$q!Q![-_![!]!!O!]!^-_!^!_!&W!_!`#$o!`!a&X!a!c-_!c!}!!O!}#R-_#R#S!!O#S#T3V#T#o!!O#o#s-_#s$f$q$f%W-_%W%o!!O%o%p-_%p&a!!O&a&b-_&b1p!!O1p4U-_4U4d!!O4d4e-_4e$IS!!O$IS$I`-_$I`$Ib!!O$Ib$Kh-_$Kh%#t!!O%#t&/x-_&/x&Et!!O&Et&FV-_&FV;
320234124: electron-rpc-broadcast:wallet:response:c94fbbd5-3eae-41b2-83e2-4e47fedeac5c
320236780: electron-rpc-broadcast:wallet:response:0448b292-5987-4b08-83b2-ceb588756894
320236948: KVWyDBgU8/F8TGm87oyH58qOtQc4kAdUQ5PZngpLYJc=
320249463: f/RO#
320249888: invalid exchangeno route to hostinvalid argumentmessage too longobject is remoteremote I/O errorSetFilePointerExOpenProcessTokenRegQueryInfoKeyWRegQueryValueExWDnsNameCompare_WCreateDirectoryWFlushFileBuffersGetComputerNameWGetFullPathNameWGetLongPathNameWRemoveDirectoryWNetApiBufferFreeDuplicateTok
320251774: , locked to threadruntime.semacreateruntime.semawakeupoperation canceledno child processesconnection refusedRFS specific erroridentifier removedinput/output errormultihop attemptedfile name too longno locks availablestreams pipe errorLookupAccountNameWCreateFileMappingWGetFileAttributesWSetFileAttri
320258049: internal/blob
320258144: $internal/blocklist
320258913: internal/buffer
320259008: ,internal/child_process
320259200: $internal/cli_table
320259296: ,internal/cluster/child
320259680: ,internal/cluster/utils
320260064: $internal/constants
320260160: &internal/crypto/aes
320260352: (internal/crypto/cfrg
320260448: ,internal/crypto/cipher
320260640: $internal/crypto/ec
320260736: (internal/crypto/hash
320260928: (internal/crypto/hkdf
320261024: ,internal/crypto/keygen
320261120: (internal/crypto/keys
320261216: &internal/crypto/mac
320261312: ,internal/crypto/pbkdf2
320261408: ,internal/crypto/random
320261504: &internal/crypto/rsa
320261600: ,internal/crypto/scrypt
320261696: &internal/crypto/sig
320261792: (internal/crypto/util
320261984: ,internal/crypto/webidl
320262080: (internal/crypto/x509
320262144: his._decoded.asks,baseVault:this._decoded.baseVault,quoteVault:this._decoded.quoteVault,limit:e,programId:this._programId})),t}async loadRequestQueue(e){const{data:t}=I(await e.getAccountInfo(this._decoded.requestQueue));return d.decodeRequestQueue(t)}async loadEventQueue(e){const{data:t}=I(await e.
320268013: H,u/&
320268469: /cG!eh6-
320288169: /Ig&&
320291020: <svg width="20" height="20" fill="none" xmlns="http://www.w3.org/2000/svg"><path d="M2 18V3.5c0-.417.146-.77.438-1.062A1.444 1.444 0 0 1 3.5 2h13c.417 0 .77.146 1.062.438.292.291.438.645.438 1.062v10c0 .417-.146.77-.438 1.062A1.444 1.444 0 0 1 16.5 15H5l-3 3Zm6.062-6.5L10 9.562l1.938 1.938L13 10.438
320297088: K`1,/'
320302283: !_Q/n
320316077: Ehttp://crl.microsoft.com/pki/crl/products/MicRooCerAut_2010-06-23.crl0Z
320316176: >http://www.microsoft.com/pki/certs/MicRooCerAut_2010-06-23.crt07
320317132: http://www.microsoft.com0
