Volatility 3 Framework 2.28.2

PID	PPID	ImageFileName	Offset(V)	Threads	Handles	SessionId	Wow64	CreateTime	ExitTime	File output

1824	748	svchost.exe	0xab0b07261080	19	-	0	False	2024-01-07 17:19:46.000000 UTC	N/A	Disabled
4	0	System	0xab0b07269040	146	-	N/A	False	2024-01-07 22:49:26.000000 UTC	N/A	Disabled
7644	4504	thunderbird.ex	0xab0b0765d080	68	-	1	False	2024-01-07 19:05:46.000000 UTC	N/A	Disabled
7824	896	RuntimeBroker.	0xab0b07662080	2	-	1	False	2024-01-07 17:37:19.000000 UTC	N/A	Disabled
7164	4504	msedge.exe	0xab0b0766a080	44	-	1	False	2024-01-07 17:21:03.000000 UTC	N/A	Disabled
5924	896	RuntimeBroker.	0xab0b0766e080	7	-	1	False	2024-01-07 17:20:42.000000 UTC	N/A	Disabled
3028	2352	Exodus.exe	0xab0b0773a080	17	-	1	False	2024-01-07 19:04:24.000000 UTC	N/A	Disabled
7828	2352	Exodus.exe	0xab0b0773f080	17	-	1	False	2024-01-07 19:04:30.000000 UTC	N/A	Disabled
1576	4504	7zG.exe	0xab0b07767080	3	-	1	False	2024-01-07 19:05:17.000000 UTC	N/A	Disabled
4260	748	svchost.exe	0xab0b077d3280	3	-	0	False	2024-01-07 17:20:27.000000 UTC	N/A	Disabled
332	748	svchost.exe	0xab0b07a4e080	3	-	1	False	2024-01-07 17:20:26.000000 UTC	N/A	Disabled
416	4	smss.exe	0xab0b07a92040	2	-	N/A	False	2024-01-07 22:49:26.000000 UTC	N/A	Disabled
140	4	Registry	0xab0b0b404040	4	-	N/A	False	2024-01-07 22:49:22.000000 UTC	N/A	Disabled
6228	7164	msedge.exe	0xab0b0b569080	7	-	1	False	2024-01-07 17:21:04.000000 UTC	N/A	Disabled
4340	4260	ctfmon.exe	0xab0b0d213300	14	-	1	False	2024-01-07 17:20:27.000000 UTC	N/A	Disabled
712	748	svchost.exe	0xab0b0d21d340	8	-	1	False	2024-01-07 17:20:29.000000 UTC	N/A	Disabled
6700	2352	Exodus.exe	0xab0b0d257080	17	-	1	False	2024-01-07 19:04:24.000000 UTC	N/A	Disabled
6392	5432	SearchProtocol	0xab0b0d3c8080	11	-	0	False	2024-01-07 19:06:21.000000 UTC	N/A	Disabled
4468	704	userinit.exe	0xab0b0d451300	0	-	1	False	2024-01-07 17:20:27.000000 UTC	2024-01-07 17:20:46.000000 UTC	Disabled
4504	4468	explorer.exe	0xab0b0d45e080	89	-	1	False	2024-01-07 17:20:27.000000 UTC	N/A	Disabled
4512	748	svchost.exe	0xab0b0d4602c0	9	-	0	False	2024-01-07 17:20:27.000000 UTC	N/A	Disabled
6976	748	SecurityHealth	0xab0b0d59b0c0	6	-	0	False	2024-01-07 17:21:02.000000 UTC	N/A	Disabled
7144	4504	OneDrive.exe	0xab0b0d59f080	25	-	1	True	2024-01-07 17:21:03.000000 UTC	N/A	Disabled
4876	748	svchost.exe	0xab0b0d5b1240	1	-	0	False	2024-01-07 17:20:28.000000 UTC	N/A	Disabled
636	748	svchost.exe	0xab0b0d66f080	11	-	1	False	2024-01-07 17:20:26.000000 UTC	N/A	Disabled
5324	896	RuntimeBroker.	0xab0b0d6ad2c0	3	-	1	False	2024-01-07 17:20:33.000000 UTC	N/A	Disabled
5276	896	StartMenuExper	0xab0b0d6af080	10	-	1	False	2024-01-07 17:20:32.000000 UTC	N/A	Disabled
5076	7164	msedge.exe	0xab0b0d73c0c0	9	-	1	False	2024-01-07 17:21:04.000000 UTC	N/A	Disabled
5784	896	RuntimeBroker.	0xab0b0d863080	10	-	1	False	2024-01-07 17:20:36.000000 UTC	N/A	Disabled
528	512	csrss.exe	0xab0b0d9c3080	11	-	0	False	2024-01-07 22:49:31.000000 UTC	N/A	Disabled
1236	748	svchost.exe	0xab0b0da15340	3	-	0	False	2024-01-07 22:49:34.000000 UTC	N/A	Disabled
1648	748	svchost.exe	0xab0b0da6c080	8	-	0	False	2024-01-07 22:49:34.000000 UTC	N/A	Disabled
1308	748	svchost.exe	0xab0b0da6f240	5	-	0	False	2024-01-07 22:49:34.000000 UTC	N/A	Disabled
1328	748	svchost.exe	0xab0b0da74240	4	-	0	False	2024-01-07 22:49:34.000000 UTC	N/A	Disabled
1468	748	svchost.exe	0xab0b0da93240	5	-	0	False	2024-01-07 22:49:34.000000 UTC	N/A	Disabled
1252	748	svchost.exe	0xab0b0dacf300	6	-	0	False	2024-01-07 22:49:34.000000 UTC	N/A	Disabled
1548	748	svchost.exe	0xab0b0dae62c0	2	-	0	False	2024-01-07 22:49:34.000000 UTC	N/A	Disabled
1504	748	svchost.exe	0xab0b0db0d2c0	2	-	0	False	2024-01-07 22:49:34.000000 UTC	N/A	Disabled
2008	748	svchost.exe	0xab0b0db10080	7	-	0	False	2024-01-07 17:19:36.000000 UTC	N/A	Disabled
1564	748	svchost.exe	0xab0b0db5a2c0	3	-	0	False	2024-01-07 22:49:34.000000 UTC	N/A	Disabled
1732	748	VBoxService.ex	0xab0b0dbc2240	11	-	0	False	2024-01-07 22:49:34.000000 UTC	N/A	Disabled
604	512	wininit.exe	0xab0b0dca00c0	1	-	0	False	2024-01-07 22:49:32.000000 UTC	N/A	Disabled
624	596	csrss.exe	0xab0b0dca9080	13	-	1	False	2024-01-07 22:49:32.000000 UTC	N/A	Disabled
704	596	winlogon.exe	0xab0b0dcb4080	5	-	1	False	2024-01-07 22:49:32.000000 UTC	N/A	Disabled
896	748	svchost.exe	0xab0b0dcbf080	13	-	0	False	2024-01-07 22:49:33.000000 UTC	N/A	Disabled
2080	748	svchost.exe	0xab0b0dce8240	13	-	0	False	2024-01-07 17:19:46.000000 UTC	N/A	Disabled
3100	748	svchost.exe	0xab0b0dcea240	9	-	0	False	2024-01-07 17:19:46.000000 UTC	N/A	Disabled
2340	748	svchost.exe	0xab0b0dd300c0	12	-	0	False	2024-01-07 17:19:37.000000 UTC	N/A	Disabled
2484	748	svchost.exe	0xab0b0ddb42c0	3	-	0	False	2024-01-07 17:19:37.000000 UTC	N/A	Disabled
2496	748	svchost.exe	0xab0b0ddb5080	7	-	0	False	2024-01-07 17:19:37.000000 UTC	N/A	Disabled
748	604	services.exe	0xab0b0debc080	5	-	0	False	2024-01-07 22:49:32.000000 UTC	N/A	Disabled
1796	748	svchost.exe	0xab0b0df020c0	6	-	0	False	2024-01-07 22:49:34.000000 UTC	N/A	Disabled
1896	748	svchost.exe	0xab0b0df53240	3	-	0	False	2024-01-07 17:19:36.000000 UTC	N/A	Disabled
1888	748	svchost.exe	0xab0b0df560c0	7	-	0	False	2024-01-07 17:19:36.000000 UTC	N/A	Disabled
1880	748	svchost.exe	0xab0b0df582c0	4	-	0	False	2024-01-07 17:19:36.000000 UTC	N/A	Disabled
2040	748	svchost.exe	0xab0b0df9c240	2	-	0	False	2024-01-07 17:19:36.000000 UTC	N/A	Disabled
1296	4	MemCompression	0xab0b0dfa0040	30	-	N/A	False	2024-01-07 17:19:36.000000 UTC	N/A	Disabled
84	748	svchost.exe	0xab0b0dff4080	11	-	0	False	2024-01-07 17:19:46.000000 UTC	N/A	Disabled
1704	748	svchost.exe	0xab0b0dff6280	2	-	0	False	2024-01-07 17:19:36.000000 UTC	N/A	Disabled
1688	748	svchost.exe	0xab0b0dff82c0	4	-	0	False	2024-01-07 17:19:36.000000 UTC	N/A	Disabled
6576	7284	conhost.exe	0xab0b0e024080	4	-	1	False	2024-01-07 19:03:18.000000 UTC	N/A	Disabled
2588	748	svchost.exe	0xab0b0e02d240	2	-	0	False	2024-01-07 17:19:38.000000 UTC	N/A	Disabled
3660	748	MsMpEng.exe	0xab0b0e2b8080	44	-	0	False	2024-01-07 17:30:46.000000 UTC	N/A	Disabled
2352	8552	Exodus.exe	0xab0b0e2b9080	45	-	1	False	2024-01-07 19:04:23.000000 UTC	N/A	Disabled
2936	748	svchost.exe	0xab0b0e3dd0c0	6	-	0	False	2024-01-07 17:19:46.000000 UTC	N/A	Disabled
2904	748	svchost.exe	0xab0b0e3e10c0	12	-	0	False	2024-01-07 17:19:39.000000 UTC	N/A	Disabled
2948	748	svchost.exe	0xab0b0e3f20c0	5	-	0	False	2024-01-07 17:19:39.000000 UTC	N/A	Disabled
7884	748	svchost.exe	0xab0b0e4a1340	12	-	0	False	2024-01-07 17:21:29.000000 UTC	N/A	Disabled
2184	748	svchost.exe	0xab0b0e4b3300	1	-	0	False	2024-01-07 17:19:37.000000 UTC	N/A	Disabled
2264	748	svchost.exe	0xab0b0e4c6300	5	-	0	False	2024-01-07 17:19:37.000000 UTC	N/A	Disabled
6628	4504	7zFM.exe	0xab0b0e4c9080	4	-	1	False	2024-01-07 19:05:31.000000 UTC	N/A	Disabled
2280	748	svchost.exe	0xab0b0e4ca2c0	10	-	0	False	2024-01-07 17:19:37.000000 UTC	N/A	Disabled
3092	748	svchost.exe	0xab0b0e5c9080	3	-	0	False	2024-01-07 17:19:46.000000 UTC	N/A	Disabled
892	704	dwm.exe	0xab0b0e63d080	24	-	1	False	2024-01-07 22:49:33.000000 UTC	N/A	Disabled
8596	2280	audiodg.exe	0xab0b0e63e080	4	-	0	False	2024-01-07 19:03:16.000000 UTC	N/A	Disabled
1232	896	Microsoft.Phot	0xab0b0e63f080	16	-	1	False	2024-01-07 18:16:04.000000 UTC	N/A	Disabled
1072	748	svchost.exe	0xab0b0e67a280	4	-	0	False	2024-01-07 22:49:33.000000 UTC	N/A	Disabled
1996	3204	conhost.exe	0xab0b0e691080	0	-	1	False	2024-01-07 19:06:20.000000 UTC	2024-01-07 19:06:28.000000 UTC	Disabled
916	604	fontdrvhost.ex	0xab0b0e736140	5	-	0	False	2024-01-07 22:49:33.000000 UTC	N/A	Disabled
924	704	fontdrvhost.ex	0xab0b0e738140	5	-	1	False	2024-01-07 22:49:33.000000 UTC	N/A	Disabled
3204	4504	services.exe	0xab0b0e771080	5	-	1	False	2024-01-07 19:06:20.000000 UTC	N/A	Disabled
1016	748	svchost.exe	0xab0b0e79f2c0	10	-	0	False	2024-01-07 22:49:33.000000 UTC	N/A	Disabled
468	748	svchost.exe	0xab0b0e7cc240	4	-	0	False	2024-01-07 22:49:33.000000 UTC	N/A	Disabled
2336	1468	sihost.exe	0xab0b0e7f9300	9	-	1	False	2024-01-07 17:20:26.000000 UTC	N/A	Disabled
5912	896	RuntimeBroker.	0xab0b0e809080	3	-	1	False	2024-01-07 18:16:07.000000 UTC	N/A	Disabled
3440	896	TextInputHost.	0xab0b0e80d080	9	-	1	False	2024-01-07 17:21:42.000000 UTC	N/A	Disabled
772	604	lsass.exe	0xab0b0e8350c0	10	-	0	False	2024-01-07 22:49:32.000000 UTC	N/A	Disabled
876	748	svchost.exe	0xab0b0e8d3240	1	-	0	False	2024-01-07 22:49:33.000000 UTC	N/A	Disabled
2832	748	spoolsv.exe	0xab0b0f656200	7	-	0	False	2024-01-07 17:19:38.000000 UTC	N/A	Disabled
8716	2352	Exodus.exe	0xab0b0f6f6080	17	-	1	False	2024-01-07 19:04:30.000000 UTC	N/A	Disabled
2692	748	svchost.exe	0xab0b0f838080	3	-	0	False	2024-01-07 17:19:38.000000 UTC	N/A	Disabled
6280	7164	msedge.exe	0xab0b0fe31080	22	-	1	False	2024-01-07 17:21:04.000000 UTC	N/A	Disabled
2580	7164	msedge.exe	0xab0b0fe35080	19	-	1	False	2024-01-07 17:21:04.000000 UTC	N/A	Disabled
7260	2352	Exodus.exe	0xab0b0feef080	22	-	1	False	2024-01-07 19:04:23.000000 UTC	N/A	Disabled
4440	748	svchost.exe	0xab0b0fef3280	4	-	0	False	2024-01-07 17:20:30.000000 UTC	N/A	Disabled
5464	896	SearchApp.exe	0xab0b101ce080	62	-	1	False	2024-01-07 17:20:34.000000 UTC	N/A	Disabled
3668	748	svchost.exe	0xab0b10473080	2	-	0	False	2024-01-07 17:29:41.000000 UTC	N/A	Disabled
3972	2352	Exodus.exe	0xab0b10479080	11	-	1	False	2024-01-07 19:04:23.000000 UTC	N/A	Disabled
3768	4504	KeePass.exe	0xab0b1047f080	8	-	1	False	2024-01-07 19:04:42.000000 UTC	N/A	Disabled
6048	2352	Exodus.exe	0xab0b104d1080	25	-	1	False	2024-01-07 19:04:24.000000 UTC	N/A	Disabled
2464	748	svchost.exe	0xab0b104d4080	0	-	0	False	2024-01-07 17:22:32.000000 UTC	2024-01-07 17:22:42.000000 UTC	Disabled
8136	748	svchost.exe	0xab0b10680080	4	-	0	False	2024-01-07 17:21:30.000000 UTC	N/A	Disabled
7216	748	svchost.exe	0xab0b10682240	10	-	0	False	2024-01-07 17:21:30.000000 UTC	N/A	Disabled
2436	2352	Exodus.exe	0xab0b106b0080	22	-	1	False	2024-01-07 19:04:24.000000 UTC	N/A	Disabled
8160	748	SgrmBroker.exe	0xab0b106b6080	7	-	0	False	2024-01-07 17:21:30.000000 UTC	N/A	Disabled
1100	896	MoUsoCoreWorke	0xab0b106d3280	9	-	0	False	2024-01-07 17:21:30.000000 UTC	N/A	Disabled
7268	748	svchost.exe	0xab0b106d7300	8	-	0	False	2024-01-07 17:21:30.000000 UTC	N/A	Disabled
6648	748	svchost.exe	0xab0b106e1080	1	-	1	False	2024-01-07 17:21:31.000000 UTC	N/A	Disabled
6528	896	ApplicationFra	0xab0b108ab0c0	1	-	1	False	2024-01-07 17:37:24.000000 UTC	N/A	Disabled
3212	748	svchost.exe	0xab0b10a602c0	2	-	0	False	2024-01-07 17:19:47.000000 UTC	N/A	Disabled
6092	896	SkypeBackgroun	0xab0b10c3a080	4	-	1	False	2024-01-07 17:20:38.000000 UTC	N/A	Disabled
9892	2352	Exodus.exe	0xab0b10c57080	15	-	1	False	2024-01-07 19:04:29.000000 UTC	N/A	Disabled
7056	4504	VBoxTray.exe	0xab0b10c63080	11	-	1	False	2024-01-07 17:21:02.000000 UTC	N/A	Disabled
4376	748	svchost.exe	0xab0b10cec280	9	-	0	False	2024-01-07 17:20:30.000000 UTC	N/A	Disabled
1536	748	svchost.exe	0xab0b10d48080	2	-	0	False	2024-01-07 17:37:28.000000 UTC	N/A	Disabled
6424	748	NisSrv.exe	0xab0b10d83080	14	-	0	False	2024-01-07 17:41:46.000000 UTC	N/A	Disabled
10228	4504	thunderbird.ex	0xab0b10d87080	0	-	1	False	2024-01-07 17:53:48.000000 UTC	2024-01-07 18:52:36.000000 UTC	Disabled
5848	2352	Exodus.exe	0xab0b1102e2c0	29	-	1	False	2024-01-07 19:06:13.000000 UTC	N/A	Disabled
2372	748	svchost.exe	0xab0b113ea080	3	-	0	False	2024-01-07 17:20:09.000000 UTC	N/A	Disabled
4100	1308	taskhostw.exe	0xab0b1141d080	8	-	1	False	2024-01-07 17:20:26.000000 UTC	N/A	Disabled
3700	748	svchost.exe	0xab0b11435240	12	-	0	False	2024-01-07 17:19:54.000000 UTC	N/A	Disabled
5616	2352	Exodus.exe	0xab0b117bb080	19	-	1	False	2024-01-07 19:04:23.000000 UTC	N/A	Disabled
3244	748	svchost.exe	0xab0b11a062c0	3	-	0	False	2024-01-07 17:19:48.000000 UTC	N/A	Disabled
5408	896	smartscreen.ex	0xab0b11a28340	9	-	1	False	2024-01-07 19:03:15.000000 UTC	N/A	Disabled
3260	748	svchost.exe	0xab0b11c04240	5	-	0	False	2024-01-07 17:19:48.000000 UTC	N/A	Disabled
3372	748	svchost.exe	0xab0b11e8a240	6	-	0	False	2024-01-07 17:19:49.000000 UTC	N/A	Disabled
3604	748	svchost.exe	0xab0b121412c0	5	-	0	False	2024-01-07 17:19:52.000000 UTC	N/A	Disabled
6248	7644	thunderbird.ex	0xab0b125062c0	30	-	1	False	2024-01-07 19:05:49.000000 UTC	N/A	Disabled
6116	748	svchost.exe	0xab0b1252d340	5	-	0	False	2024-01-07 17:22:21.000000 UTC	N/A	Disabled
8584	748	svchost.exe	0xab0b1255f080	0	-	0	False	2024-01-07 18:52:07.000000 UTC	2024-01-07 18:57:07.000000 UTC	Disabled
7748	896	ShellExperienc	0xab0b125892c0	15	-	1	False	2024-01-07 17:37:19.000000 UTC	N/A	Disabled
7284	4504	DumpItog.exe	0xab0b1259b080	1	-	1	True	2024-01-07 19:03:18.000000 UTC	N/A	Disabled
6068	4640	Exodus.exe	0xab0b1259c080	0	-	1	False	2024-01-07 18:08:55.000000 UTC	2024-01-07 18:52:34.000000 UTC	Disabled
5756	748	svchost.exe	0xab0b12c7d240	3	-	0	False	2024-01-07 18:20:53.000000 UTC	N/A	Disabled
4872	7644	thunderbird.ex	0xab0b12f54080	28	-	1	False	2024-01-07 19:05:46.000000 UTC	N/A	Disabled
6940	4504	SecurityHealth	0xab0b12ff6300	1	-	1	False	2024-01-07 17:21:02.000000 UTC	N/A	Disabled
5432	748	SearchIndexer.	0xab0b135ad240	15	-	0	False	2024-01-07 17:20:34.000000 UTC	N/A	Disabled
7252	4640	Exodus.exe	0xab0b135db080	0	-	1	False	2024-01-07 18:08:58.000000 UTC	2024-01-07 18:52:33.000000 UTC	Disabled
3960	2352	Exodus.exe	0xab0b13c020c0	16	-	1	False	2024-01-07 19:06:13.000000 UTC	N/A	Disabled
3392	896	dllhost.exe	0xab0b13eb0080	5	-	1	False	2024-01-07 17:21:42.000000 UTC	N/A	Disabled
6172	5432	SearchFilterHo	0xab0b152c2080	7	-	0	False	2024-01-07 19:06:21.000000 UTC	N/A	Disabled
5372	4504	notepad.exe	0xab0b152e8080	4	-	1	False	2024-01-07 19:04:06.000000 UTC	N/A	Disabled
1176	2352	Exodus.exe	0xab0b152ef080	29	-	1	False	2024-01-07 19:04:24.000000 UTC	N/A	Disabled
3440	896	TextInputHost.	0xef8000126080	9	-	1	False	2024-01-07 17:21:42.000000 UTC	N/A	Disabled
5912	896	RuntimeBroker.	0xef800012a080	3	-	1	False	2024-01-07 18:16:07.000000 UTC	N/A	Disabled
