[
  {
    "path": "store/imports/j000141/out/20261002100001411-chunk_needles-ifyo.out.log",
    "hits": 16,
    "all_hit_bytes_verify": true,
    "size_verifies": true
  },
  {
    "path": "store/jobs/j000001/out/wallet-ascii.txt",
    "hits": 20,
    "all_hit_bytes_verify": true,
    "size_verifies": true
  },
  {
    "path": "store/jobs/j000001/out/wallet-utf16.txt",
    "hits": 23,
    "all_hit_bytes_verify": true,
    "size_verifies": true
  },
  {
    "path": "store/jobs/j000006/out/communication_hits.jsonl",
    "hits": 2,
    "all_hit_bytes_verify": true,
    "size_verifies": true
  },
  {
    "path": "store/jobs/j000008/out/archive-ascii.txt",
    "hits": 1,
    "all_hit_bytes_verify": true,
    "size_verifies": true
  },
  {
    "path": "store/jobs/j000008/out/archive-utf16.txt",
    "hits": 2,
    "all_hit_bytes_verify": true,
    "size_verifies": true
  },
  {
    "path": "store/jobs/j000013/out/file.0xab0b100c07e0.0xab0b1141dd20.ImageSectionObject.nss3.dll.img",
    "hits": 1,
    "all_hit_bytes_verify": true,
    "size_verifies": true
  },
  {
    "path": "store/jobs/j000018/out/notepad-ascii.txt",
    "hits": 1,
    "all_hit_bytes_verify": true,
    "size_verifies": true
  },
  {
    "path": "store/jobs/j000018/out/pid.5372.dmp",
    "hits": 1,
    "all_hit_bytes_verify": true,
    "size_verifies": true
  },
  {
    "path": "store/jobs/j000034/stdout.log",
    "hits": 9,
    "all_hit_bytes_verify": true,
    "size_verifies": true
  },
  {
    "path": "store/jobs/j000034/out/tool-output/ioc_scan-62747ce3f7081774.jsonl",
    "hits": 32,
    "all_hit_bytes_verify": true,
    "size_verifies": true
  },
  {
    "path": "store/jobs/j000049/out/proc-ascii-hits.txt",
    "hits": 2,
    "all_hit_bytes_verify": true,
    "size_verifies": true
  },
  {
    "path": "store/jobs/j000049/out/proc-ascii.txt",
    "hits": 2,
    "all_hit_bytes_verify": true,
    "size_verifies": true
  },
  {
    "path": "store/jobs/j000049/out/proc/pid.3768.dmp",
    "hits": 2,
    "all_hit_bytes_verify": true,
    "size_verifies": true
  },
  {
    "path": "store/jobs/j000053/out/file.0xab0b100da460.0xab0b152b95a0.ImageSectionObject.Exodus.exe.img",
    "hits": 9,
    "all_hit_bytes_verify": true,
    "size_verifies": true
  },
  {
    "path": "store/jobs/j000079/out/7zg-ascii.txt",
    "hits": 1,
    "all_hit_bytes_verify": true,
    "size_verifies": true
  },
  {
    "path": "store/jobs/j000079/out/pid.1576.dmp",
    "hits": 1,
    "all_hit_bytes_verify": true,
    "size_verifies": true
  },
  {
    "path": "store/jobs/j000092/out/7zfm-ascii.txt",
    "hits": 1,
    "all_hit_bytes_verify": true,
    "size_verifies": true
  },
  {
    "path": "store/jobs/j000092/out/pid.6628.dmp",
    "hits": 1,
    "all_hit_bytes_verify": true,
    "size_verifies": true
  },
  {
    "path": "store/jobs/j000241/out/create-table-ranked.json",
    "hits": 30,
    "all_hit_bytes_verify": true,
    "size_verifies": true
  }
]
