{
  "daily": {
    "ETH": [
      [
        1704326400000,
        {
          "close": 2270.5926250035504
        }
      ],
      [
        1704412800000,
        {
          "close": 2268.3547684014593
        }
      ],
      [
        1704499200000,
        {
          "close": 2241.158158052214
        }
      ]
    ]
  },
  "hourly": {
    "ETH": [
      [
        1704326400000,
        {
          "close": 2214.583399329572
        }
      ],
      [
        1704330000000,
        {
          "close": 2207.0604382881015
        }
      ],
      [
        1704333600000,
        {
          "close": 2232.5326413954813
        }
      ],
      [
        1704337200000,
        {
          "close": 2232.1172346741464
        }
      ],
      [
        1704340800000,
        {
          "close": 2240.478234944848
        }
      ],
      [
        1704344400000,
        {
          "close": 2239.8789913712617
        }
      ],
      [
        1704348000000,
        {
          "close": 2239.7368617269926
        }
      ],
      [
        1704351600000,
        {
          "close": 2225.266016284868
        }
      ],
      [
        1704355200000,
        {
          "close": 2218.0982582432125
        }
      ],
      [
        1704358800000,
        {
          "close": 2225.3896002963484
        }
      ],
      [
        1704362400000,
        {
          "close": 2222.2460739725507
        }
      ],
      [
        1704366000000,
        {
          "close": 2230.697152006214
        }
      ],
      [
        1704369600000,
        {
          "close": 2240.6241270779396
        }
      ],
      [
        1704373200000,
        {
          "close": 2244.9172319520776
        }
      ],
      [
        1704376800000,
        {
          "close": 2265.183434591792
        }
      ],
      [
        1704380400000,
        {
          "close": 2278.800895102471
        }
      ],
      [
        1704384000000,
        {
          "close": 2272.3442105375893
        }
      ],
      [
        1704387600000,
        {
          "close": 2277.551750129503
        }
      ],
      [
        1704391200000,
        {
          "close": 2278.4849819641945
        }
      ],
      [
        1704394800000,
        {
          "close": 2277.855825303756
        }
      ],
      [
        1704398400000,
        {
          "close": 2276.9154692776196
        }
      ],
      [
        1704402000000,
        {
          "close": 2274.890569179801
        }
      ],
      [
        1704405600000,
        {
          "close": 2271.916703282484
        }
      ],
      [
        1704409200000,
        {
          "close": 2270.5926250035504
        }
      ],
      [
        1704412800000,
        {
          "close": 2272.1609853188434
        }
      ],
      [
        1704416400000,
        {
          "close": 2238.3243104991034
        }
      ],
      [
        1704420000000,
        {
          "close": 2241.95961828378
        }
      ],
      [
        1704423600000,
        {
          "close": 2243.5366656338315
        }
      ],
      [
        1704427200000,
        {
          "close": 2246.77900081371
        }
      ],
      [
        1704430800000,
        {
          "close": 2248.2885254706002
        }
      ],
      [
        1704434400000,
        {
          "close": 2256.7685813678204
        }
      ],
      [
        1704438000000,
        {
          "close": 2255.788381202421
        }
      ],
      [
        1704441600000,
        {
          "close": 2253.2716482080805
        }
      ],
      [
        1704445200000,
        {
          "close": 2264.917564181557
        }
      ],
      [
        1704448800000,
        {
          "close": 2246.6572666901397
        }
      ],
      [
        1704452400000,
        {
          "close": 2243.10722300492
        }
      ],
      [
        1704456000000,
        {
          "close": 2244.701286192097
        }
      ],
      [
        1704459600000,
        {
          "close": 2247.763143379817
        }
      ],
      [
        1704463200000,
        {
          "close": 2234.0061778387962
        }
      ],
      [
        1704466800000,
        {
          "close": 2224.689231886521
        }
      ],
      [
        1704470400000,
        {
          "close": 2218.320512848073
        }
      ],
      [
        1704474000000,
        {
          "close": 2233.8489501324125
        }
      ],
      [
        1704477600000,
        {
          "close": 2234.813278410789
        }
      ],
      [
        1704481200000,
        {
          "close": 2236.0738393920433
        }
      ],
      [
        1704484800000,
        {
          "close": 2249.145515317743
        }
      ],
      [
        1704488400000,
        {
          "close": 2244.669758818679
        }
      ],
      [
        1704492000000,
        {
          "close": 2245.5151969692597
        }
      ],
      [
        1704495600000,
        {
          "close": 2268.3547684014593
        }
      ],
      [
        1704499200000,
        {
          "close": 2264.8726636597357
        }
      ],
      [
        1704502800000,
        {
          "close": 2256.044509152587
        }
      ],
      [
        1704506400000,
        {
          "close": 2257.930416660179
        }
      ],
      [
        1704510000000,
        {
          "close": 2254.793316956977
        }
      ],
      [
        1704513600000,
        {
          "close": 2249.021891377386
        }
      ],
      [
        1704517200000,
        {
          "close": 2237.495888449206
        }
      ],
      [
        1704520800000,
        {
          "close": 2221.3077661409684
        }
      ],
      [
        1704524400000,
        {
          "close": 2234.0229520224225
        }
      ],
      [
        1704528000000,
        {
          "close": 2238.132129638594
        }
      ],
      [
        1704531600000,
        {
          "close": 2236.2224938147597
        }
      ],
      [
        1704535200000,
        {
          "close": 2237.1167936555767
        }
      ],
      [
        1704538800000,
        {
          "close": 2239.780199838414
        }
      ],
      [
        1704542400000,
        {
          "close": 2232.473240293543
        }
      ],
      [
        1704546000000,
        {
          "close": 2239.059791463539
        }
      ],
      [
        1704549600000,
        {
          "close": 2241.763939890693
        }
      ],
      [
        1704553200000,
        {
          "close": 2248.4000873124637
        }
      ],
      [
        1704556800000,
        {
          "close": 2247.025302430722
        }
      ],
      [
        1704560400000,
        {
          "close": 2251.123837496995
        }
      ],
      [
        1704564000000,
        {
          "close": 2249.660178344124
        }
      ],
      [
        1704567600000,
        {
          "close": 2246.5578282845036
        }
      ],
      [
        1704571200000,
        {
          "close": 2243.322709389903
        }
      ],
      [
        1704574800000,
        {
          "close": 2240.897344866509
        }
      ],
      [
        1704578400000,
        {
          "close": 2236.862447720497
        }
      ],
      [
        1704582000000,
        {
          "close": 2241.158158052214
        }
      ],
      [
        1704585600000,
        {
          "close": 2251.2963461092195
        }
      ],
      [
        1704589200000,
        {
          "close": 2245.0149663389943
        }
      ],
      [
        1704592800000,
        {
          "close": 2240.9668092047887
        }
      ],
      [
        1704596400000,
        {
          "close": 2243.3579213679627
        }
      ],
      [
        1704600000000,
        {
          "close": 2249.8812081816336
        }
      ],
      [
        1704603600000,
        {
          "close": 2246.3015492934255
        }
      ],
      [
        1704607200000,
        {
          "close": 2250.695466149378
        }
      ],
      [
        1704610800000,
        {
          "close": 2249.079270628146
        }
      ],
      [
        1704614400000,
        {
          "close": 2241.9072979798443
        }
      ],
      [
        1704618000000,
        {
          "close": 2235.5178403037503
        }
      ],
      [
        1704621600000,
        {
          "close": 2238.8199573940174
        }
      ],
      [
        1704625200000,
        {
          "close": 2239.758163936602
        }
      ],
      [
        1704628800000,
        {
          "close": 2238.4574863184025
        }
      ],
      [
        1704632400000,
        {
          "close": 2252.594797137356
        }
      ],
      [
        1704636000000,
        {
          "close": 2249.2337511429096
        }
      ],
      [
        1704639600000,
        {
          "close": 2231.960548880157
        }
      ],
      [
        1704643200000,
        {
          "close": 2230.7667320298224
        }
      ],
      [
        1704646800000,
        {
          "close": 2238.934110011356
        }
      ],
      [
        1704650400000,
        {
          "close": 2247.224571588808
        }
      ]
    ]
  }
}
