store/jobs/j000008/out/archive-ascii.txt:2:9275385 DiscordStealer.SB!MT
store/jobs/j000008/out/archive-ascii.txt:3:10936552 !#ALF:PWS:MSIL/Brostealer.RS!MTB
store/jobs/j000008/out/archive-ascii.txt:4:18462388 Trojan:AndroidOS/Savestealer.B!MTB
store/jobs/j000008/out/archive-ascii.txt:10:26196090 Stealer.AB!MTB
store/jobs/j000008/out/archive-ascii.txt:11:26197287 Stealerc.AAPW!MTB
store/jobs/j000008/out/archive-ascii.txt:12:26197460 RiseProStealer.AAPX!MTB
store/jobs/j000008/out/archive-ascii.txt:17:34039347 !RedLineStealer.AE!MTB
store/jobs/j000008/out/archive-ascii.txt:18:34039371 !RedLineStealer.BE!MTB
store/jobs/j000008/out/archive-ascii.txt:19:34041545 !PSWStealer.XP!MTB
store/jobs/j000008/out/archive-ascii.txt:22:39050088 Stealergen.MG^
store/jobs/j000008/out/archive-ascii.txt:23:40933001 Infostealer.PAE!MTB
store/jobs/j000008/out/archive-ascii.txt:27:64009451 !Stealer.SS!MTB
store/jobs/j000008/out/archive-ascii.txt:28:64814767 RedLineStealer
store/jobs/j000008/out/archive-ascii.txt:35:78288788 !Stealerc.G!MTB
store/jobs/j000008/out/archive-ascii.txt:36:79173474 !LaplasStealer!MSR
store/jobs/j000008/out/archive-ascii.txt:40:90184757 !#SCPT:Python/NukerStealer.RB2
store/jobs/j000008/out/archive-ascii.txt:46:96855704 !InfoStealer!MSR
store/jobs/j000008/out/archive-ascii.txt:50:101516982 RedLineStealer.RPC!MTB
store/jobs/j000008/out/archive-ascii.txt:52:105277542 heartbreaker Setup\rampage\monitored.tifzdxrllgbwqyfipmbxzstjtbzketoxdbyueccxdvoektnmmmktrbelkwtjsvjloueomoifqelm\respect.xlsceeaxtkutsd\burnout.tarcgqjvctopescbsucyzxrrpedrmfsfdlagduqv!#PWS:MSIL/Infostealer.PAD!MTB
store/jobs/j000008/out/archive-ascii.txt:55:111447352 asswordStealer_
store/jobs/j000008/out/archive-ascii.txt:60:120700253 Stealer.KAB!MTB
store/jobs/j000008/out/archive-ascii.txt:61:123748574 !StealerGen.HNU!MTB
store/jobs/j000008/out/archive-ascii.txt:63:127512708 ysiumStealer
store/jobs/j000008/out/archive-ascii.txt:64:127932446 StealerLog
store/jobs/j000008/out/archive-ascii.txt:65:129753679 !StealerPacker!MTB
store/jobs/j000008/out/archive-ascii.txt:66:129753879 Stealer.CG!MTB
store/jobs/j000008/out/archive-ascii.txt:67:129753896 GenStealer.CG!MTB
store/jobs/j000008/out/archive-ascii.txt:71:135383837 Trojan:Win64/LummaStealer.NL!MTB
store/jobs/j000008/out/archive-ascii.txt:76:140126438 DiscordStealer.SC!MTB
store/jobs/j000008/out/archive-ascii.txt:77:140126498 LummaStealer!MSR
store/jobs/j000008/out/archive-ascii.txt:84:145484417 TrojanSpy:AndroidOS/InfoStealer.L!MTB
store/jobs/j000008/out/archive-ascii.txt:85:146030938 Trojan:PowerShell/Stealer.SA
store/jobs/j000008/out/archive-ascii.txt:86:146031003 SCPT:PShellStealer.SA
store/jobs/j000008/out/archive-ascii.txt:87:146031025 SCPT:PShellStealer.SB
store/jobs/j000008/out/archive-ascii.txt:88:146031062 SCPT:PShellStealer.SC
store/jobs/j000008/out/archive-ascii.txt:94:154173769 !LummaStealer.MB!MTB
store/jobs/j000008/out/archive-ascii.txt:95:154556581 playpicklebar32.dlllivingplaylib32.dll!#ALF:Trojan:Win32/RedLineStealerPacker!MTB
store/jobs/j000008/out/archive-ascii.txt:96:154792476 RedlineStealer.PKRG!MTB
store/jobs/j000008/out/archive-ascii.txt:97:156837680 NekoStealer
store/jobs/j000008/out/archive-ascii.txt:98:156839853 StealerC.WE
store/jobs/j000008/out/archive-ascii.txt:100:159573605 !PonyStealer.V!MTB
store/jobs/j000008/out/archive-ascii.txt:104:164320493 jects\Stealer\Stealer\
store/jobs/j000008/out/archive-ascii.txt:107:166322666 UFR_Stealer_
store/jobs/j000008/out/archive-ascii.txt:115:176168226 !#SCRIPT:Python/Stealer.A3
store/jobs/j000008/out/archive-ascii.txt:118:178438385 SpyKeyloggerRunStandardBotKillerDecryptCoreFTPPasswordBotkillStartupExternalStealersFuckFileNameKeyboardLoggerClipboardLoggerScreenshotLoggerWebcamLoggerAntivirusKillerPasswordStealerModifyTaskManagerRecovationCheckChainExcludeRootFileZilla
store/jobs/j000008/out/archive-ascii.txt:127:191224108 BlueStealer.PXHK!MTB
store/jobs/j000008/out/archive-ascii.txt:128:191224235 BlueStealer.PK!MTB
store/jobs/j000008/out/archive-ascii.txt:129:191702799 HSTR:OWAStealer.A
store/jobs/j000008/out/archive-ascii.txt:130:193536313 Stealer.D
store/jobs/j000008/out/archive-ascii.txt:131:195367656 Trojan:Win64/RecordStealer.CRRR!MTB
store/jobs/j000008/out/archive-ascii.txt:132:195672431 Trojan:Win32/LummaStealer.AC!MTB
store/jobs/j000008/out/archive-ascii.txt:133:196347148 !RedLineStealer.PW!MTB
store/jobs/j000008/out/archive-ascii.txt:136:198865385 !Stealer!MSR
store/jobs/j000008/out/archive-ascii.txt:141:200386074 MSIL/Stealer.RSR
store/jobs/j000008/out/archive-ascii.txt:145:202891040 !RaccoonStealer!MSR
store/jobs/j000008/out/archive-ascii.txt:152:210530412 UnicornStealer.A!MTB
store/jobs/j000008/out/archive-ascii.txt:153:210532950 !RedlineStealer!MS
store/jobs/j000008/out/archive-ascii.txt:154:211476370 !Stealer
store/jobs/j000008/out/archive-ascii.txt:155:211543774 RedLineStealer.KMG!MTB
store/jobs/j000008/out/archive-ascii.txt:156:212845078 !PassStealer!MTB
store/jobs/j000008/out/archive-ascii.txt:158:213081282 Stealer.TF!MTB
store/jobs/j000008/out/archive-ascii.txt:160:213363287 !LummaStealer.SP!MTB
store/jobs/j000008/out/archive-ascii.txt:161:213363441 !Stealerc.GPAB!MTB
store/jobs/j000008/out/archive-ascii.txt:162:213363682 Stealer
store/jobs/j000008/out/archive-ascii.txt:165:216506714 Trojan:PowerShell/Stealer.SA
store/jobs/j000008/out/archive-ascii.txt:166:216506779 SCPT:PShellStealer.SA
store/jobs/j000008/out/archive-ascii.txt:167:216506801 SCPT:PShellStealer.SB
store/jobs/j000008/out/archive-ascii.txt:168:216506838 SCPT:PShellStealer.SC
store/jobs/j000008/out/archive-ascii.txt:169:217826032 Stealer.AY
store/jobs/j000008/out/archive-ascii.txt:186:222649469 ythonStealer.A
store/jobs/j000008/out/archive-ascii.txt:187:225449388 !AuroraStealer!pz
store/jobs/j000008/out/archive-ascii.txt:188:225451921 ExcludeExtensions=exe|dll|xml|log|dmpKeyFileText=Files on this computer encryptedTrojan:Win64/LummaStealer.IP!Mk
store/jobs/j000008/out/archive-ascii.txt:191:228132918 CoinStealer.C!bit
store/jobs/j000008/out/archive-ascii.txt:192:228132971 .BitcoinStealer.exeDeleteItself
store/jobs/j000008/out/archive-ascii.txt:196:233202455 Trojan:Win64/GaryStealer!MSR
store/jobs/j000008/out/archive-ascii.txt:197:233202526 PureLogsStealer.APL!MTB
store/jobs/j000008/out/archive-ascii.txt:198:233202635 \AppData\Local\Temporary Projects\WindowsFormsApp1\obj\Debug\iTalk.pdbTrojan:Win64/LucaStealer.EM!MTB
store/jobs/j000008/out/archive-ascii.txt:206:237095367 TrojanSpy:AndroidOS/InfoStealer.SB!MTB
store/jobs/j000008/out/archive-ascii.txt:208:244427858 !MarsStealer.RPX!MTB
store/jobs/j000008/out/archive-ascii.txt:212:247902896 HackTool:PowerShell/SecretStealer.AMK!MSR
store/jobs/j000008/out/archive-ascii.txt:217:256324837 Stealer.MR!MTB
store/jobs/j000008/out/archive-ascii.txt:218:256326124 Stealer.SMW!MTB
store/jobs/j000008/out/archive-ascii.txt:219:256326221 HSTR:Trojan:MSIL/Stealer.SD!MTB
store/jobs/j000008/out/archive-ascii.txt:220:256326255 DarkStealerLoader!MTB
store/jobs/j000008/out/archive-ascii.txt:230:267494336 765611[0-9]{11}%7c%7c[A-F0-9]{40}/api.php?act=log&user=&callback=angular.callbackssteamstealer.com
store/jobs/j000008/out/archive-ascii.txt:237:272946346 !KiraStealer
store/jobs/j000008/out/archive-ascii.txt:238:274510783 Stealer
store/jobs/j000008/out/archive-ascii.txt:239:274511948 Stealer.M
store/jobs/j000008/out/archive-ascii.txt:240:278703951 LummaStealer.[
store/jobs/j000008/out/archive-ascii.txt:245:286346299 	Stealer.SM
store/jobs/j000008/out/archive-ascii.txt:246:286430927 MS_T120BlueKeeppoc for cvecve-2019-0708Prepare to send packets without authPackets sended with successIf the remote machine dont have the patchwill have calc running in the machine!#ALF:Trojan:Win32/Stealer.SIBA!MTB
store/jobs/j000008/out/archive-ascii.txt:253:298529174 !StrelaStealer.PC!MTB
store/jobs/j000008/out/archive-ascii.txt:254:298529283 !StrelaStealer.PD!MTB
store/jobs/j000008/out/archive-ascii.txt:259:304930657 "Q\wiking\source\repos\wincloudclientp1\\repos\wincloudclientp1\chromeeyeschrome stealer!#ALF:HackTool:Win32/Keygen.S
store/jobs/j000008/out/archive-ascii.txt:263:307773970 sexy screensaver for you, delivered by a friendcheck what i found. its saved in pif format (picture image format)someone sent you a sexy screensaverautoemail@screensaver.commsnpasswordstealer_setup.exemsnhack.exeaol_hack.exeaol_password_stealer.exeihavenopassgodblessyoupotatismoskorvmannenwiihieedarkarchangelpyr0maniacteh_puppeteerxiao_weistarlite_45:[http] downloading file (:[http] downloading update (:[http] downloaded:[http] opened:[http] failed to open:[http] download failed:[http] visit successfull:[http] visit failed:[keygrab] user wrote "login"; http::[keylogger] max-size of logfile reached. saved as (st.log-backup)\slugsend\death-ap100s\slugsend\death-apc\slugsend\death-apb\slugsend\death-aps\slugsend\death-ap100s0acee761-:bd:--:installonly-:refresh-:noservice-:uninstall
store/jobs/j000008/out/archive-ascii.txt:265:313064198 !RelineStealer.FV!MTB
store/jobs/j000008/out/archive-ascii.txt:267:316755027 stealer.done
store/jobs/j000008/out/archive-ascii.txt:268:318769135 !RedLineStealer.FX!MTB
store/jobs/j000008/out/archive-ascii.txt:272:323909895 StealerRunnerKey8
store/jobs/j000008/out/archive-ascii.txt:281:339201998 !#SCPT:Python/ThunderStealer.RB2
