{
  "needle": "userkey",
  "files": 145,
  "occurrences": 650,
  "class_totals": {
    "job command/input metadata echo": 91,
    "Windows registry/user-key API vocabulary": 161,
    "other literal-context hit; requires content/provenance, not proof of key value": 111,
    "Windows CryptGetUserKey API/source vocabulary": 91,
    "derived search/strings result; no authentication from label": 120,
    "tool/search output echo": 7,
    "earlier contextual search result (binary API/runtime strings)": 3,
    "report/checkpoint echo": 66
  },
  "explicit_assignment_occurrences": 0,
  "explicit_assignment_objects": [],
  "per_object": [
    {
      "path": "store/jobs/j000209/job.json",
      "hits": 1,
      "classes": {
        "job command/input metadata echo": 1
      }
    },
    {
      "path": "store/jobs/j000004/job.json",
      "hits": 1,
      "classes": {
        "job command/input metadata echo": 1
      }
    },
    {
      "path": "store/jobs/j000207/job.json",
      "hits": 2,
      "classes": {
        "job command/input metadata echo": 2
      }
    },
    {
      "path": "store/jobs/j000092/out/pid.6628.dmp",
      "hits": 21,
      "classes": {
        "Windows registry/user-key API vocabulary": 13,
        "other literal-context hit; requires content/provenance, not proof of key value": 2,
        "Windows CryptGetUserKey API/source vocabulary": 6
      }
    },
    {
      "path": "store/jobs/j000092/out/7zfm-ascii.txt",
      "hits": 21,
      "classes": {
        "Windows registry/user-key API vocabulary": 13,
        "derived search/strings result; no authentication from label": 2,
        "Windows CryptGetUserKey API/source vocabulary": 6
      }
    },
    {
      "path": "store/jobs/j000254/stdout.log",
      "hits": 1,
      "classes": {
        "tool/search output echo": 1
      }
    },
    {
      "path": "store/jobs/j000254/job.json",
      "hits": 1,
      "classes": {
        "job command/input metadata echo": 1
      }
    },
    {
      "path": "store/jobs/j000254/out/independent-metrics-audit.json",
      "hits": 1,
      "classes": {
        "derived search/strings result; no authentication from label": 1
      }
    },
    {
      "path": "store/jobs/j000265/job.json",
      "hits": 1,
      "classes": {
        "job command/input metadata echo": 1
      }
    },
    {
      "path": "store/jobs/j000291/job.json",
      "hits": 1,
      "classes": {
        "job command/input metadata echo": 1
      }
    },
    {
      "path": "store/jobs/j000201/job.json",
      "hits": 2,
      "classes": {
        "job command/input metadata echo": 2
      }
    },
    {
      "path": "store/jobs/j000201/out/dropbox-contexts.jsonl",
      "hits": 4,
      "classes": {
        "earlier contextual search result (binary API/runtime strings)": 3,
        "Windows CryptGetUserKey API/source vocabulary": 1
      }
    },
    {
      "path": "store/jobs/j000239/job.json",
      "hits": 1,
      "classes": {
        "job command/input metadata echo": 1
      }
    },
    {
      "path": "store/jobs/j000034/stdout.log",
      "hits": 1,
      "classes": {
        "Windows registry/user-key API vocabulary": 1
      }
    },
    {
      "path": "store/jobs/j000034/job.json",
      "hits": 1,
      "classes": {
        "job command/input metadata echo": 1
      }
    },
    {
      "path": "store/jobs/j000034/out/tool-output/ioc_scan-62747ce3f7081774.jsonl",
      "hits": 5,
      "classes": {
        "Windows registry/user-key API vocabulary": 4,
        "tool/search output echo": 1
      }
    },
    {
      "path": "store/jobs/j000002/job.json",
      "hits": 2,
      "classes": {
        "job command/input metadata echo": 2
      }
    },
    {
      "path": "store/jobs/j000237/job.json",
      "hits": 2,
      "classes": {
        "job command/input metadata echo": 2
      }
    },
    {
      "path": "store/jobs/j000263/job.json",
      "hits": 1,
      "classes": {
        "job command/input metadata echo": 1
      }
    },
    {
      "path": "store/jobs/j000252/job.json",
      "hits": 1,
      "classes": {
        "job command/input metadata echo": 1
      }
    },
    {
      "path": "store/jobs/j000067/job.json",
      "hits": 1,
      "classes": {
        "job command/input metadata echo": 1
      }
    },
    {
      "path": "store/jobs/j000058/job.json",
      "hits": 2,
      "classes": {
        "job command/input metadata echo": 2
      }
    },
    {
      "path": "store/jobs/j000318/job.json",
      "hits": 1,
      "classes": {
        "job command/input metadata echo": 1
      }
    },
    {
      "path": "store/jobs/j000115/job.json",
      "hits": 1,
      "classes": {
        "job command/input metadata echo": 1
      }
    },
    {
      "path": "store/jobs/j000316/job.json",
      "hits": 1,
      "classes": {
        "job command/input metadata echo": 1
      }
    },
    {
      "path": "store/jobs/j000177/job.json",
      "hits": 1,
      "classes": {
        "job command/input metadata echo": 1
      }
    },
    {
      "path": "store/jobs/j000148/job.json",
      "hits": 1,
      "classes": {
        "job command/input metadata echo": 1
      }
    },
    {
      "path": "store/jobs/j000342/out/v4-report-snapshot.md",
      "hits": 33,
      "classes": {
        "report/checkpoint echo": 33
      }
    },
    {
      "path": "store/jobs/j000122/job.json",
      "hits": 1,
      "classes": {
        "job command/input metadata echo": 1
      }
    },
    {
      "path": "store/jobs/j000328/stdout.log",
      "hits": 1,
      "classes": {
        "tool/search output echo": 1
      }
    },
    {
      "path": "store/jobs/j000328/job.json",
      "hits": 1,
      "classes": {
        "job command/input metadata echo": 1
      }
    },
    {
      "path": "store/jobs/j000328/out/storage-q12-q14-summary.json",
      "hits": 1,
      "classes": {
        "derived search/strings result; no authentication from label": 1
      }
    },
    {
      "path": "store/jobs/j000317/job.json",
      "hits": 1,
      "classes": {
        "job command/input metadata echo": 1
      }
    },
    {
      "path": "store/jobs/j000114/job.json",
      "hits": 1,
      "classes": {
        "job command/input metadata echo": 1
      }
    },
    {
      "path": "store/jobs/j000343/job.json",
      "hits": 1,
      "classes": {
        "job command/input metadata echo": 1
      }
    },
    {
      "path": "store/jobs/j000149/job.json",
      "hits": 1,
      "classes": {
        "job command/input metadata echo": 1
      }
    },
    {
      "path": "store/jobs/j000136/job.json",
      "hits": 1,
      "classes": {
        "job command/input metadata echo": 1
      }
    },
    {
      "path": "store/jobs/j000109/out/file.0xab0b0e210cf0.0xab0b0b383650.ImageSectionObject.KeePass.exe.img",
      "hits": 20,
      "classes": {
        "other literal-context hit; requires content/provenance, not proof of key value": 20
      }
    },
    {
      "path": "store/jobs/j000131/job.json",
      "hits": 2,
      "classes": {
        "job command/input metadata echo": 2
      }
    },
    {
      "path": "store/jobs/j000335/job.json",
      "hits": 1,
      "classes": {
        "job command/input metadata echo": 1
      }
    },
    {
      "path": "store/jobs/j000334/job.json",
      "hits": 2,
      "classes": {
        "job command/input metadata echo": 2
      }
    },
    {
      "path": "store/jobs/j000139/out/20261002100314853-bash-ujat.out.log",
      "hits": 21,
      "classes": {
        "Windows registry/user-key API vocabulary": 9,
        "other literal-context hit; requires content/provenance, not proof of key value": 7,
        "Windows CryptGetUserKey API/source vocabulary": 5
      }
    },
    {
      "path": "store/jobs/j000130/job.json",
      "hits": 1,
      "classes": {
        "job command/input metadata echo": 1
      }
    },
    {
      "path": "store/jobs/j000248/job.json",
      "hits": 1,
      "classes": {
        "job command/input metadata echo": 1
      }
    },
    {
      "path": "store/jobs/j000270/job.json",
      "hits": 1,
      "classes": {
        "job command/input metadata echo": 1
      }
    },
    {
      "path": "store/jobs/j000241/job.json",
      "hits": 1,
      "classes": {
        "job command/input metadata echo": 1
      }
    },
    {
      "path": "store/jobs/j000241/out/create-table-contexts.json",
      "hits": 6,
      "classes": {
        "derived search/strings result; no authentication from label": 6
      }
    },
    {
      "path": "store/jobs/j000241/out/create-table-ranked.json",
      "hits": 6,
      "classes": {
        "other literal-context hit; requires content/provenance, not proof of key value": 6
      }
    },
    {
      "path": "store/jobs/j000018/out/pid.5372.dmp",
      "hits": 19,
      "classes": {
        "Windows registry/user-key API vocabulary": 11,
        "other literal-context hit; requires content/provenance, not proof of key value": 2,
        "Windows CryptGetUserKey API/source vocabulary": 6
      }
    },
    {
      "path": "store/jobs/j000018/out/notepad-ascii.txt",
      "hits": 19,
      "classes": {
        "Windows registry/user-key API vocabulary": 11,
        "derived search/strings result; no authentication from label": 2,
        "Windows CryptGetUserKey API/source vocabulary": 6
      }
    },
    {
      "path": "store/jobs/j000020/job.json",
      "hits": 1,
      "classes": {
        "job command/input metadata echo": 1
      }
    },
    {
      "path": "store/jobs/j000212/job.json",
      "hits": 1,
      "classes": {
        "job command/input metadata echo": 1
      }
    },
    {
      "path": "store/jobs/j000224/job.json",
      "hits": 2,
      "classes": {
        "job command/input metadata echo": 2
      }
    },
    {
      "path": "store/jobs/j000249/stdout.log",
      "hits": 1,
      "classes": {
        "tool/search output echo": 1
      }
    },
    {
      "path": "store/jobs/j000249/job.json",
      "hits": 1,
      "classes": {
        "job command/input metadata echo": 1
      }
    },
    {
      "path": "store/jobs/j000249/out/metrics-field-audit.json",
      "hits": 1,
      "classes": {
        "derived search/strings result; no authentication from label": 1
      }
    },
    {
      "path": "store/jobs/j000268/job.json",
      "hits": 1,
      "classes": {
        "job command/input metadata echo": 1
      }
    },
    {
      "path": "store/jobs/j000053/out/file.0xab0b0dcf8580.0xab0b0b39d810.ImageSectionObject.devobj.dll.img",
      "hits": 1,
      "classes": {
        "Windows registry/user-key API vocabulary": 1
      }
    },
    {
      "path": "store/jobs/j000053/out/file.0xab0b0e8a4c50.0xab0b0e8812b0.ImageSectionObject.dxgi.dll.img",
      "hits": 1,
      "classes": {
        "Windows registry/user-key API vocabulary": 1
      }
    },
    {
      "path": "store/jobs/j000053/out/file.0xab0b0d8f3700.0xab0b074d0b40.ImageSectionObject.cfgmgr32.dll.img",
      "hits": 1,
      "classes": {
        "Windows registry/user-key API vocabulary": 1
      }
    },
    {
      "path": "store/jobs/j000053/out/file.0xab0b0d03dd40.0xab0b0b3c1920.ImageSectionObject.combase.dll.img",
      "hits": 1,
      "classes": {
        "other literal-context hit; requires content/provenance, not proof of key value": 1
      }
    },
    {
      "path": "store/jobs/j000053/out/file.0xab0b078f34c0.0xab0b076f4ca0.ImageSectionObject.ntdll.dll.img",
      "hits": 1,
      "classes": {
        "Windows registry/user-key API vocabulary": 1
      }
    },
    {
      "path": "store/jobs/j000053/out/file.0xab0b100da460.0xab0b152b95a0.ImageSectionObject.Exodus.exe.img",
      "hits": 4,
      "classes": {
        "other literal-context hit; requires content/provenance, not proof of key value": 4
      }
    },
    {
      "path": "store/jobs/j000053/out/file.0xab0b0e89da40.0xab0b0dcdfcc0.ImageSectionObject.rsaenh.dll.img",
      "hits": 1,
      "classes": {
        "other literal-context hit; requires content/provenance, not proof of key value": 1
      }
    },
    {
      "path": "store/jobs/j000053/out/file.0xab0b0d8f4510.0xab0b074d08a0.ImageSectionObject.KernelBase.dll.img",
      "hits": 5,
      "classes": {
        "other literal-context hit; requires content/provenance, not proof of key value": 3,
        "Windows CryptGetUserKey API/source vocabulary": 1,
        "Windows registry/user-key API vocabulary": 1
      }
    },
    {
      "path": "store/jobs/j000053/out/file.0xab0b0d8f3bb0.0xab0b076fb2b0.ImageSectionObject.kernel32.dll.img",
      "hits": 1,
      "classes": {
        "Windows registry/user-key API vocabulary": 1
      }
    },
    {
      "path": "store/jobs/j000053/out/file.0xab0b0d8f3890.0xab0b077b0b50.ImageSectionObject.crypt32.dll.img",
      "hits": 1,
      "classes": {
        "Windows CryptGetUserKey API/source vocabulary": 1
      }
    },
    {
      "path": "store/jobs/j000053/out/file.0xab0b0d049250.0xab0b0d0a3010.ImageSectionObject.advapi32.dll.img",
      "hits": 3,
      "classes": {
        "Windows CryptGetUserKey API/source vocabulary": 2,
        "Windows registry/user-key API vocabulary": 1
      }
    },
    {
      "path": "store/jobs/j000053/out/file.0xab0b0d03d700.0xab0b0b3c1bf0.ImageSectionObject.msctf.dll.img",
      "hits": 1,
      "classes": {
        "Windows registry/user-key API vocabulary": 1
      }
    },
    {
      "path": "store/jobs/j000053/out/file.0xab0b0e85d7e0.0xab0b0dceecc0.ImageSectionObject.cryptsp.dll.img",
      "hits": 2,
      "classes": {
        "other literal-context hit; requires content/provenance, not proof of key value": 1,
        "Windows CryptGetUserKey API/source vocabulary": 1
      }
    },
    {
      "path": "store/jobs/j000292/job.json",
      "hits": 1,
      "classes": {
        "job command/input metadata echo": 1
      }
    },
    {
      "path": "store/jobs/j000235/job.json",
      "hits": 2,
      "classes": {
        "job command/input metadata echo": 2
      }
    },
    {
      "path": "store/jobs/j000203/job.json",
      "hits": 2,
      "classes": {
        "job command/input metadata echo": 2
      }
    },
    {
      "path": "store/jobs/j000009/out/ascii_hits.txt",
      "hits": 1,
      "classes": {
        "derived search/strings result; no authentication from label": 1
      }
    },
    {
      "path": "store/jobs/j000009/out/utf16_hits.txt",
      "hits": 4,
      "classes": {
        "derived search/strings result; no authentication from label": 4
      }
    },
    {
      "path": "store/jobs/j000204/stdout.log",
      "hits": 1,
      "classes": {
        "tool/search output echo": 1
      }
    },
    {
      "path": "store/jobs/j000204/job.json",
      "hits": 2,
      "classes": {
        "job command/input metadata echo": 2
      }
    },
    {
      "path": "store/jobs/j000293/job.json",
      "hits": 1,
      "classes": {
        "job command/input metadata echo": 1
      }
    },
    {
      "path": "store/jobs/j000052/job.json",
      "hits": 1,
      "classes": {
        "job command/input metadata echo": 1
      }
    },
    {
      "path": "store/jobs/j000260/job.json",
      "hits": 2,
      "classes": {
        "job command/input metadata echo": 2
      }
    },
    {
      "path": "store/jobs/j000063/job.json",
      "hits": 1,
      "classes": {
        "job command/input metadata echo": 1
      }
    },
    {
      "path": "store/jobs/j000037/job.json",
      "hits": 1,
      "classes": {
        "job command/input metadata echo": 1
      }
    },
    {
      "path": "store/jobs/j000030/job.json",
      "hits": 1,
      "classes": {
        "job command/input metadata echo": 1
      }
    },
    {
      "path": "store/jobs/j000233/job.json",
      "hits": 2,
      "classes": {
        "job command/input metadata echo": 2
      }
    },
    {
      "path": "store/jobs/j000341/out/checkpoint-redaction-snapshot.md",
      "hits": 33,
      "classes": {
        "report/checkpoint echo": 33
      }
    },
    {
      "path": "store/jobs/j000145/job.json",
      "hits": 1,
      "classes": {
        "job command/input metadata echo": 1
      }
    },
    {
      "path": "store/jobs/j000144/job.json",
      "hits": 1,
      "classes": {
        "job command/input metadata echo": 1
      }
    },
    {
      "path": "store/jobs/j000188/job.json",
      "hits": 1,
      "classes": {
        "job command/input metadata echo": 1
      }
    },
    {
      "path": "store/jobs/j000347/job.json",
      "hits": 2,
      "classes": {
        "job command/input metadata echo": 2
      }
    },
    {
      "path": "store/jobs/j000172/job.json",
      "hits": 1,
      "classes": {
        "job command/input metadata echo": 1
      }
    },
    {
      "path": "store/jobs/j000119/job.json",
      "hits": 1,
      "classes": {
        "job command/input metadata echo": 1
      }
    },
    {
      "path": "store/jobs/j000126/job.json",
      "hits": 1,
      "classes": {
        "job command/input metadata echo": 1
      }
    },
    {
      "path": "store/jobs/j000313/job.json",
      "hits": 1,
      "classes": {
        "job command/input metadata echo": 1
      }
    },
    {
      "path": "store/jobs/j000322/job.json",
      "hits": 1,
      "classes": {
        "job command/input metadata echo": 1
      }
    },
    {
      "path": "store/jobs/j000132/job.json",
      "hits": 1,
      "classes": {
        "job command/input metadata echo": 1
      }
    },
    {
      "path": "store/jobs/j000150/job.json",
      "hits": 1,
      "classes": {
        "job command/input metadata echo": 1
      }
    },
    {
      "path": "store/jobs/j000157/job.json",
      "hits": 1,
      "classes": {
        "job command/input metadata echo": 1
      }
    },
    {
      "path": "store/jobs/j000195/job.json",
      "hits": 1,
      "classes": {
        "job command/input metadata echo": 1
      }
    },
    {
      "path": "store/jobs/j000159/job.json",
      "hits": 1,
      "classes": {
        "job command/input metadata echo": 1
      }
    },
    {
      "path": "store/jobs/j000330/stdout.log",
      "hits": 1,
      "classes": {
        "tool/search output echo": 1
      }
    },
    {
      "path": "store/jobs/j000330/job.json",
      "hits": 2,
      "classes": {
        "job command/input metadata echo": 2
      }
    },
    {
      "path": "store/jobs/j000330/out/schema-role-audit.json",
      "hits": 1,
      "classes": {
        "derived search/strings result; no authentication from label": 1
      }
    },
    {
      "path": "store/jobs/j000158/job.json",
      "hits": 1,
      "classes": {
        "job command/input metadata echo": 1
      }
    },
    {
      "path": "store/jobs/j000194/job.json",
      "hits": 1,
      "classes": {
        "job command/input metadata echo": 1
      }
    },
    {
      "path": "store/jobs/j000169/job.json",
      "hits": 1,
      "classes": {
        "job command/input metadata echo": 1
      }
    },
    {
      "path": "store/jobs/j000024/job.json",
      "hits": 1,
      "classes": {
        "job command/input metadata echo": 1
      }
    },
    {
      "path": "store/jobs/j000024/out/dbx-ascii.txt",
      "hits": 4,
      "classes": {
        "derived search/strings result; no authentication from label": 4
      }
    },
    {
      "path": "store/jobs/j000024/out/dbx-utf16.txt",
      "hits": 2,
      "classes": {
        "derived search/strings result; no authentication from label": 2
      }
    },
    {
      "path": "store/jobs/j000229/out/pid2352-memfs-metadata.json",
      "hits": 11,
      "classes": {
        "Windows registry/user-key API vocabulary": 8,
        "other literal-context hit; requires content/provenance, not proof of key value": 1,
        "Windows CryptGetUserKey API/source vocabulary": 2
      }
    },
    {
      "path": "store/jobs/j000041/out/file.0xab0b0e8a4c50.0xab0b0e8812b0.ImageSectionObject.dxgi.dll.img",
      "hits": 1,
      "classes": {
        "Windows registry/user-key API vocabulary": 1
      }
    },
    {
      "path": "store/jobs/j000041/out/file.0xab0b0d8f3700.0xab0b074d0b40.ImageSectionObject.cfgmgr32.dll.img",
      "hits": 1,
      "classes": {
        "Windows registry/user-key API vocabulary": 1
      }
    },
    {
      "path": "store/jobs/j000041/out/file.0xab0b0d03dd40.0xab0b0b3c1920.ImageSectionObject.combase.dll.img",
      "hits": 1,
      "classes": {
        "other literal-context hit; requires content/provenance, not proof of key value": 1
      }
    },
    {
      "path": "store/jobs/j000041/out/file.0xab0b078f34c0.0xab0b076f4ca0.ImageSectionObject.ntdll.dll.img",
      "hits": 1,
      "classes": {
        "Windows registry/user-key API vocabulary": 1
      }
    },
    {
      "path": "store/jobs/j000041/out/file.0xab0b0d8f4510.0xab0b074d08a0.ImageSectionObject.KernelBase.dll.img",
      "hits": 5,
      "classes": {
        "other literal-context hit; requires content/provenance, not proof of key value": 3,
        "Windows CryptGetUserKey API/source vocabulary": 1,
        "Windows registry/user-key API vocabulary": 1
      }
    },
    {
      "path": "store/jobs/j000041/out/file.0xab0b0d8f3bb0.0xab0b076fb2b0.ImageSectionObject.kernel32.dll.img",
      "hits": 1,
      "classes": {
        "Windows registry/user-key API vocabulary": 1
      }
    },
    {
      "path": "store/jobs/j000041/out/file.0xab0b0d049250.0xab0b0d0a3010.ImageSectionObject.advapi32.dll.img",
      "hits": 3,
      "classes": {
        "Windows CryptGetUserKey API/source vocabulary": 2,
        "Windows registry/user-key API vocabulary": 1
      }
    },
    {
      "path": "store/jobs/j000041/out/file.0xab0b0d03d700.0xab0b0b3c1bf0.ImageSectionObject.msctf.dll.img",
      "hits": 1,
      "classes": {
        "Windows registry/user-key API vocabulary": 1
      }
    },
    {
      "path": "store/jobs/j000079/out/7zg-ascii.txt",
      "hits": 19,
      "classes": {
        "Windows registry/user-key API vocabulary": 11,
        "derived search/strings result; no authentication from label": 2,
        "Windows CryptGetUserKey API/source vocabulary": 6
      }
    },
    {
      "path": "store/jobs/j000079/out/pid.1576.dmp",
      "hits": 19,
      "classes": {
        "Windows registry/user-key API vocabulary": 11,
        "other literal-context hit; requires content/provenance, not proof of key value": 2,
        "Windows CryptGetUserKey API/source vocabulary": 6
      }
    },
    {
      "path": "store/jobs/j000242/job.json",
      "hits": 1,
      "classes": {
        "job command/input metadata echo": 1
      }
    },
    {
      "path": "store/jobs/j000014/stdout.log",
      "hits": 1,
      "classes": {
        "tool/search output echo": 1
      }
    },
    {
      "path": "store/jobs/j000014/job.json",
      "hits": 2,
      "classes": {
        "job command/input metadata echo": 2
      }
    },
    {
      "path": "store/jobs/j000014/out/hits.json",
      "hits": 11,
      "classes": {
        "derived search/strings result; no authentication from label": 9,
        "Windows CryptGetUserKey API/source vocabulary": 2
      }
    },
    {
      "path": "store/jobs/j000219/job.json",
      "hits": 1,
      "classes": {
        "job command/input metadata echo": 1
      }
    },
    {
      "path": "store/jobs/j000013/out/file.0xab0b0dcf8580.0xab0b0b39d810.ImageSectionObject.devobj.dll.img",
      "hits": 1,
      "classes": {
        "Windows registry/user-key API vocabulary": 1
      }
    },
    {
      "path": "store/jobs/j000013/out/file.0xab0b0e8a4c50.0xab0b0e8812b0.ImageSectionObject.dxgi.dll.img",
      "hits": 1,
      "classes": {
        "Windows registry/user-key API vocabulary": 1
      }
    },
    {
      "path": "store/jobs/j000013/out/file.0xab0b0d8f3700.0xab0b074d0b40.ImageSectionObject.cfgmgr32.dll.img",
      "hits": 1,
      "classes": {
        "Windows registry/user-key API vocabulary": 1
      }
    },
    {
      "path": "store/jobs/j000013/out/file.0xab0b0d03dd40.0xab0b0b3c1920.ImageSectionObject.combase.dll.img",
      "hits": 1,
      "classes": {
        "other literal-context hit; requires content/provenance, not proof of key value": 1
      }
    },
    {
      "path": "store/jobs/j000013/out/file.0xab0b078f34c0.0xab0b076f4ca0.ImageSectionObject.ntdll.dll.img",
      "hits": 1,
      "classes": {
        "Windows registry/user-key API vocabulary": 1
      }
    },
    {
      "path": "store/jobs/j000013/out/file.0xab0b0e69b9e0.0xab0b0e79a8a0.ImageSectionObject.dsreg.dll.img",
      "hits": 3,
      "classes": {
        "other literal-context hit; requires content/provenance, not proof of key value": 3
      }
    },
    {
      "path": "store/jobs/j000013/out/file.0xab0b0d8f4510.0xab0b074d08a0.ImageSectionObject.KernelBase.dll.img",
      "hits": 5,
      "classes": {
        "other literal-context hit; requires content/provenance, not proof of key value": 3,
        "Windows CryptGetUserKey API/source vocabulary": 1,
        "Windows registry/user-key API vocabulary": 1
      }
    },
    {
      "path": "store/jobs/j000013/out/file.0xab0b0d8f3bb0.0xab0b076fb2b0.ImageSectionObject.kernel32.dll.img",
      "hits": 1,
      "classes": {
        "Windows registry/user-key API vocabulary": 1
      }
    },
    {
      "path": "store/jobs/j000013/out/file.0xab0b0d8f3890.0xab0b077b0b50.ImageSectionObject.crypt32.dll.img",
      "hits": 1,
      "classes": {
        "Windows CryptGetUserKey API/source vocabulary": 1
      }
    },
    {
      "path": "store/jobs/j000013/out/file.0xab0b0d049250.0xab0b0d0a3010.ImageSectionObject.advapi32.dll.img",
      "hits": 3,
      "classes": {
        "Windows CryptGetUserKey API/source vocabulary": 2,
        "Windows registry/user-key API vocabulary": 1
      }
    },
    {
      "path": "store/jobs/j000013/out/file.0xab0b0d03e9c0.0xab0b07bb2a20.ImageSectionObject.setupapi.dll.img",
      "hits": 1,
      "classes": {
        "Windows registry/user-key API vocabulary": 1
      }
    },
    {
      "path": "store/jobs/j000013/out/file.0xab0b0d03d700.0xab0b0b3c1bf0.ImageSectionObject.msctf.dll.img",
      "hits": 1,
      "classes": {
        "Windows registry/user-key API vocabulary": 1
      }
    },
    {
      "path": "store/jobs/j000013/out/file.0xab0b0e85d7e0.0xab0b0dceecc0.ImageSectionObject.cryptsp.dll.img",
      "hits": 2,
      "classes": {
        "other literal-context hit; requires content/provenance, not proof of key value": 1,
        "Windows CryptGetUserKey API/source vocabulary": 1
      }
    },
    {
      "path": "store/jobs/j000210/job.json",
      "hits": 2,
      "classes": {
        "job command/input metadata echo": 2
      }
    },
    {
      "path": "store/jobs/j000049/out/proc-ascii-hits.txt",
      "hits": 51,
      "classes": {
        "derived search/strings result; no authentication from label": 30,
        "Windows CryptGetUserKey API/source vocabulary": 9,
        "Windows registry/user-key API vocabulary": 12
      }
    },
    {
      "path": "store/jobs/j000049/out/proc-utf16-hits.txt",
      "hits": 12,
      "classes": {
        "derived search/strings result; no authentication from label": 12
      }
    },
    {
      "path": "store/jobs/j000049/out/proc-utf16.txt",
      "hits": 12,
      "classes": {
        "derived search/strings result; no authentication from label": 12
      }
    },
    {
      "path": "store/jobs/j000049/out/proc-ascii.txt",
      "hits": 51,
      "classes": {
        "derived search/strings result; no authentication from label": 30,
        "Windows CryptGetUserKey API/source vocabulary": 9,
        "Windows registry/user-key API vocabulary": 12
      }
    },
    {
      "path": "store/jobs/j000049/out/proc/pid.3768.dmp",
      "hits": 63,
      "classes": {
        "other literal-context hit; requires content/provenance, not proof of key value": 42,
        "Windows CryptGetUserKey API/source vocabulary": 9,
        "Windows registry/user-key API vocabulary": 12
      }
    },
    {
      "path": "store/jobs/j000244/job.json",
      "hits": 1,
      "classes": {
        "job command/input metadata echo": 1
      }
    },
    {
      "path": "store/imports/j000139/out/20261002100314853-bash-ujat.out.log",
      "hits": 21,
      "classes": {
        "Windows registry/user-key API vocabulary": 9,
        "other literal-context hit; requires content/provenance, not proof of key value": 7,
        "Windows CryptGetUserKey API/source vocabulary": 5
      }
    }
  ]
}
