* File	c:\program files\oracle\virtualbox guest additions\vboxvideo.sys	oracle and/or its affiliates	2024-01-07 08:49:49.000000 UTC	N/A	N/A	-	d2f00045a7798631374c9310d23a36fc9622e1cd	N/A	oracle vm virtualbox guest additions	7.0.6.155176
* File	c:\program files\oracle\virtualbox guest additions\vboxwddm.sys	oracle and/or its affiliates	2024-01-07 08:49:49.000000 UTC	N/A	N/A	-	5fb8cde80a52ede8e9008642b8f1b3d6ced7a773	N/A	oracle vm virtualbox guest additions	7.0.6.155176
Program	C:\Program Files\WindowsApps\Microsoft.WindowsAlarms_10.1906.2182.0_x64__8wekyb3d8bbwe	CN=Microsoft Corporation, O=Microsoft Corporation, L=Redmond, S=Washington, C=US	2024-01-07 08:48:46.000000 UTC	N/A	-	N/A	N/A	N/A	Microsoft.WindowsAlarms	10.1906.2182.0
* File	c:\program files\windowsapps\microsoft.windowsalarms_10.1906.2182.0_x64__8wekyb3d8bbwe\time.exe	microsoft corporation	2024-01-07 08:48:46.000000 UTC	N/A	N/A	-	3ef531d6229b66eae7cd0f83bd59b4b9c54ed010	N/A	microsoft alarms and clock	10.1906.190806002-1906
Program	C:\Users\Carmine Falcone\AppData\Local\exodus	Exodus Movement Inc	2024-01-07 08:49:51.000000 UTC	N/A	-	N/A	N/A	N/A	Exodus	24.1.1
* File	c:\users\carmine falcone\appdata\local\exodus\app-24.1.1\exodus.exe	exodus movement inc	2024-01-07 08:49:51.000000 UTC	N/A	N/A	-	4b4dd0c1b49b02b5a6a8ef598afa47e9464a31f2	N/A	exodus	24.1.1
* File	c:\users\carmine falcone\appdata\local\exodus\exodus.exe	exodus movement inc	2024-01-07 08:49:51.000000 UTC	N/A	N/A	-	d6730fc0ef620c65feddd24acc1e2e121d669751	N/A	exodus	24.1.1
* File	c:\users\carmine falcone\appdata\local\exodus\app-24.1.1\squirrel.exe		2024-01-07 08:49:51.000000 UTC	N/A	N/A	-	76f97e0e25444833c302ad54a2271635f5d96198	N/A		
* File	c:\users\carmine falcone\appdata\local\exodus\update.exe		2024-01-07 08:49:51.000000 UTC	N/A	N/A	-	76f97e0e25444833c302ad54a2271635f5d96198	N/A		
Program	C:\Program Files\WindowsApps\Microsoft.MicrosoftOfficeHub_18.1903.1152.0_x64__8wekyb3d8bbwe	CN=Microsoft Corporation, O=Microsoft Corporation, L=Redmond, S=Washington, C=US	2024-01-07 08:48:10.000000 UTC	N/A	-	N/A	N/A	N/A	Microsoft.MicrosoftOfficeHub	18.1903.1152.0
* File	c:\program files\windowsapps\microsoft.microsoftofficehub_18.1903.1152.0_x64__8wekyb3d8bbwe\localbridge.exe		2024-01-07 08:48:10.000000 UTC	N/A	N/A	-	59baddbcd3284dc5e732e88e5c3a285269715611	N/A	localbridge	18.1903.1152.0
Program	C:\Program Files\WindowsApps\Microsoft.WindowsMaps_5.1906.1972.0_x64__8wekyb3d8bbwe	CN=Microsoft Corporation, O=Microsoft Corporation, L=Redmond, S=Washington, C=US	2024-01-07 08:49:09.000000 UTC	N/A	-	N/A	N/A	N/A	Microsoft.WindowsMaps	5.1906.1972.0
* File	c:\program files\windowsapps\microsoft.windowsmaps_5.1906.1972.0_x64__8wekyb3d8bbwe\maps.exe	microsoft corporation	2024-01-07 08:49:09.000000 UTC	N/A	N/A	-	cf174f953f9b84597eef2ebbab6b627c6195bed1	N/A	maps	5.1906.190716002
--
File	c:\program files (x86)\microsoft\edgeupdate\microsoftedgeupdate.exe	microsoft corporation	2024-01-07 08:30:44.000000 UTC	N/A	N/A	-	618c61a5f7dab66e7ec08e1da08ce24ec41ae65d	N/A	microsoft edge update	1.3.155.85
File	c:\programdata\microsoft\windows defender\platform\4.18.23110.3-0\msmpeng.exe	microsoft corporation	2024-01-07 17:37:48.000000 UTC	N/A	N/A	-	8e51703b8b91287b0564c7684bc476e2d7888eff	N/A	microsoft® windows® operating system	4.18.23110.3
File	c:\windows\winsxs\amd64_microsoft-windows-servicingstack_31bf3856ad364e35_10.0.19041.262_none_e73f0197262d9fec\tiworker.exe	microsoft corporation	2024-01-07 08:30:44.000000 UTC	N/A	N/A	-	2b0390dd4520dd77258bf52ad96692538c4de6d3	N/A	microsoft® windows® operating system	10.0.19041.262
File	c:\users\carmine falcone\desktop\dumpitog.exe		2024-01-07 10:25:46.000000 UTC	N/A	N/A	-	5741af8cc8a4ded2780cb3f37ca29a5796c6d858	N/A		
File	c:\users\carmine falcone\downloads\exodus-windows-x64-24.1.1.exe	exodus movement in	2024-01-07 09:58:01.000000 UTC	N/A	N/A	-	dbc0eb0aea9b2f6c53996fe71d757b26c4df7ecb	N/A	secure, manage, and trade blockchain assets.	24.1.1
File	c:\users\carmine falcone\appdata\local\temp\7zs857eda64\setup.exe	mozilla corporation	2024-01-07 08:40:01.000000 UTC	N/A	N/A	-	d3db560a921e12baf2700da34264667c5222e3dc	N/A	thunderbird	115.6.0
File	c:\users\carmine falcone\appdata\local\microsoft\onedrive\update\onedrivesetup.exe	microsoft corporation	2024-01-07 08:33:14.000000 UTC	N/A	N/A	-	2ff161a1185b5716ade6b895127d561299e7cafe	N/A	microsoft onedrive	21.220.1024.0005
File	c:\users\carmine falcone\appdata\local\microsoft\onedrive\onedrivestandaloneupdater.exe	microsoft corporation	2024-01-07 09:33:51.000000 UTC	N/A	N/A	-	57b7fc9bf59cf09a9c19ad0ce0a159746554d682	N/A	microsoft onedrive	21.220.1024.0005
File	c:\users\carmine falcone\downloads\keepass-2.53.1-setup.exe	dominik reichl                                              	2024-01-07 09:16:27.000000 UTC	N/A	N/A	-	a3454ce1536beb20e919694c3d3ced5d24af50be	N/A	keepass password safe                                       	2.53.1                                            
240 /Users/halilozturkci/DFIR/SwarmRuns-vm/s421201/.jobs/j000101/amcache.txt
