{
  "position_counts": {
    "2": {
      "&": 10
    },
    "3": {
      "Y": 10
    },
    "5": {
      "Q": 10
    },
    "6": {
      ")": 10
    },
    "7": {
      "8": 10
    },
    "8": {
      "h": 10,
      "T": 1
    },
    "9": {
      "<": 10
    },
    "10": {
      ")": 10
    },
    "11": {
      "1": 10
    },
    "12": {
      "T": 9
    },
    "13": {
      "2": 10
    },
    "14": {
      "j": 10
    }
  },
  "kdbx_signature_offsets": [
    877111456,
    1304934584,
    3105492992,
    4591231224
  ]
}
