size 36194 sha256 87841ce462a019649f6206c72cf65ce5305a88b828ca45996ae9422e6f578f4f
head_hex 8592cb714514c004e0b722d1b08c000000000000920000000000000046642707726d41b3de5a16094730debd71ef15209e3aff7d7d083d1f743cd2757e2b1d05a8407a6b538e32849653647861453acf3c65cbcb0062d1a69b99bc18f3df4bad
head_repr b'\x85\x92\xcbqE\x14\xc0\x04\xe0\xb7"\xd1\xb0\x8c\x00\x00\x00\x00\x00\x00\x92\x00\x00\x00\x00\x00\x00\x00Fd\'\x07rmA\xb3\xdeZ\x16\tG0\xde\xbdq\xef\x15 \x9e:\xff}}\x08=\x1ft<\xd2u~+\x1d\x05\xa8@zkS\x8e2\x84\x96SdxaE:\xcf<e\xcb\xcb\x00b\xd1\xa6\x9b\x99\xbc\x18\xf3\xdfK\xad'
file_identification:
data

STRINGS ascii
count 440
'@zkS'
'SdxaE:'
'7HNW['
'?TB5W'
'ry8bzv5c632r8b48#'
'8qR^/'
'e@LT3'
'9$(H'
'[SEp}'
'Y-_G'
'Z%EyW'
'/|N@p'
'K4=&4'
'Z DN'
'4,&X'
'a|*E'
' bl;s'
'5k%Y'
'dJgs'
'MdCA'
' gEtA'
'@)mb'
'&tYh'
'1xQC'
'V~a0F'
'g4z^'
'Q#q('
'|v^6h%^'
'ndU)F'
'o|pu1;'
'w%-T'
'8EhP'
'o]0x'
'd[Cf'
"8Be'"
'3/!['
'~0x}'
';40t'
'T\\mQ'
'\\; 6'
'(#"%'
'8Kx5y'
'Y*^O'
'~+<Y'
'ZO? '
'xhgB~'
':Crz'
'0o2dD@'
'Rl<z._fL'
'3qoUE'
'i%|?'
'3NAc'
'C83/'
'(myF'
'(MI?'
'QZW\\e'
'yK@V'
"'!2S"
'l&ZI'
'q/u]{'
'W!b<'
'I0&&'
'eOn8b'
'vzCz'
'$,s+'
'Ys9G'
'@z2|'
'cg|`'
'aq#l'
'_bA+'
'`XSbH'
'5|H?g'
'Lp2a'
',jnG'
'h{ou7q'
'R!TC'
'QfCgm'
'Qx@\\M'
'4.y;'
'?5C-Sz'
'"l47'
'xd^S'
'S5n+3'
'%K))'
'\\5@OC'
'HU,m'
'GUj=|'
'#|,P'
'\\c%`'
'FiyqF'
';i^Zk('
'p"PBz'
'yhX8'
'>|[~'
'}4<!e'
'@K2o6|'
'(>) 5'
">'KR"
'MM|7/'
'crt4'
'2Jq_'
'wF|J;'
'.d>r'
'k>Z$'
'e8Ps'
'@pSG'
'>i#/'
'9go>'
'eC2%'
'.pEm'
'iPo%'
'QXIJ0Q'
'1*G:a'
'qStr'
'Y.7@'
'/^yL,'
',T2d'
'~"QM'
'y:=`'
'>AQ~'
'R[f:c'
'o9tM`f'
'k0RH'
'Yrm8T'
'(?x``2%'
'P9:s'
'hTi+1$'
'=.w@'
'>Eim0'
'#(3Y'
'gq[Y'
'9Fvd'
'[HYx'
'XN_xZ~~'
'rRU{'
'PW*z1k'
'.M@g'
'IT1L'
'@;qO'
'nlHS'
'c|@84'
'ke^s '
':>@>'
'&M,!'
'~.`@'
'7_1o'
'QEmU'
'[]T,'
'@N>D'
'MyN~'
'!)g2'
'cOIk'
'mVK8'
"'v,A/qW+9"
'!G>eA'
'u"?d'
'<19%\\'
'z5I0'
'f<uU1'
'j0L4'
'P2g4 f'
'pt_E|2'
'2m"]'
'q%Mu'
'#*et'
'v$}u'
'<L::'
'V0X0'
'WY4w('
'8aC@'
'3a5+&N'
'gya#'
'|9>k'
'?9Dzg'
'trrM)]'
'^z*i'
'OC5%n'
'fD>0T'
'U8pVP'
'^jR<'
'=[MV1[K['
'B=2i'
'5Kg3'
'f.{*'
'3SKb'
'u128+x*['
'jmb?'
"a'Ot"
'!h2z'
'L"=i'
'];=v^H'
'3TJO'
'o"e0x'
'{m>-'
'(+%*K'
'EHS&'
'-q=S'
'5pK9=%'
'yk\\<6'
'Z<4N'
'#~l6'
'f_ IJ7'
'/8GL58'
'Ug9i'
'4[Z\\zGX'
"'?'3"
'!1g;'
'7%Q%OVNh'
'p[(MF'
'k/?T'
'Ia[D'
'"f]W'
'C]DvEH'
'IvTu\\`'
'5!w|'
':UeH'
'V>Oj0'
'\\mr['
'EeG]'
'jH#d'
'1q9gu'
'=FM='
'jm$`'
'pO8f'
'b#CJ'
';E<E'
'7]`dA!'
'|<3V'
'um|T'
'j*iw!'
'j,fM[~'
'Fntn'
'^;\\E'
'0\\"F&x'
'8ea`'
'zGfv'
'7oQF'
'I?en'
'<:T%'
'*T0$'
'aE=L'
'~wPc'
'0ovlcmj'
'ruEk'
'kT4`^V'
'0\\!-Q/'
']KlX'
'`,bN'
'K5.G'
'OZI3'
'xR{b'
'95p[RMX'
'y$]m=5%'
'j(HN'
'PA~^'
'BVyXY'
'-S>1X'
'$NK9'
'\\w.v'
'vkvy7:b'
'cBTx'
"'vjn"
'/onh'
'[B<`>'
'U\\4A2M'
"*R'2"
'-le:'
'%.8l'
'2FuM'
'RI/l'
'FP Y'
'~5(g'
'hIZc'
'07xT'
'l8RyG'
'AAj+'
'P=l\\UL'
"'np*"
'PMDsG'
"~6'8"
'IfaGq'
'H.;p;'
'I?(,v'
'{[Ku'
"Uzd'"
'I=I%'
'`GEU'
'`A5w'
'`]V('
'Jnqx'
'V$s*'
'Aic^9TN'
"'6'G"
'9Hi['
'2Yy$+,'
'Vj{-'
'<:ze'
'U+;Y'
'2~+T3'
'#6=V'

STRINGS utf-16le
count 1
')Carmine Falcone.zip'
