2026-10-02T09:54:29.175446Z  INFO microsandbox_runtime::runner::vm: sandbox starting sandbox=dfs-s5e1edd-s5e1edd00
2026-10-02T09:54:29.175881Z  INFO microsandbox_runtime::runner::relay: agent relay listening on /Users/halilozturkci/.microsandbox/run/sandboxes/84b79802206a88a758ee85fb/agent.sock
2026-10-02T09:54:29.611260Z  INFO microsandbox_checkpoint_timing: root journal admission timing operation="root_journal_admission" reused_layers=0 hashed_layers=0 total_us=2
2026-10-02T09:54:29.676423Z  INFO microsandbox_runtime::runner::vm: entering VM sandbox=dfs-s5e1edd-s5e1edd00
2026-10-02T09:54:29.700319Z  INFO microsandbox_runtime::runner::vm: host placement acknowledged before guest execution pinned_vcpus=0 inherited_vcpus=2 memory=Inherited
2026-10-02T09:54:29.920335Z  INFO microsandbox_runtime::runner::relay: agent relay: installed bind identity maps host_owner_uid=501 guest_uid=0 guest_gid=0 mounts=18
2026-10-02T09:54:29.944099Z  INFO microsandbox_runtime::runner::relay: agent relay: bound dedicated agent-bulk port
2026-10-02T09:54:29.944564Z  INFO microsandbox_runtime::runner::relay: agent relay: received core.ready from agentd dual_port=true
2026-10-02T09:54:29.944665Z  INFO microsandbox_runtime::runner::relay: agent relay: client connected slot=0 id_start=1 id_end_exclusive=33554431
2026-10-02T09:54:29.945173Z  INFO microsandbox_runtime::runner::relay: agent relay: selected local-shm-v1 slot=0 local_shm=true
2026-10-02T09:54:29.970578Z  INFO microsandbox_runtime::runner::relay: agent relay: client connected slot=1 id_start=33554432 id_end_exclusive=67108862
2026-10-02T09:54:29.971244Z  INFO microsandbox_runtime::runner::relay: agent relay: selected local-shm-v1 slot=1 local_shm=true
2026-10-02T09:54:29.973835Z  INFO microsandbox_runtime::runner::relay: agent relay: client disconnected slot=1 error=agent relay: unexpected EOF
2026-10-02T09:54:29.973956Z  INFO microsandbox_runtime::runner::relay: agent relay: client connected slot=2 id_start=67108863 id_end_exclusive=100663293
2026-10-02T09:54:29.974637Z  INFO microsandbox_runtime::runner::relay: agent relay: selected local-shm-v1 slot=2 local_shm=true
2026-10-02T09:54:30.137989Z  WARN msb_krun_devices::virtio::vsock::custom_stream: custom vsock backend closed: backend event closed
2026-10-02T09:54:30.137996Z  WARN msb_krun_devices::virtio::vsock::muxer_thread: deferring proxy removal: 16312517486513755016
2026-10-02T09:54:30.138046Z  WARN msb_krun_devices::virtio::vsock::custom_stream: error shutting down custom vsock backend: Socket is not connected (os error 57)
2026-10-02T09:54:30.139009Z  INFO msb_krun_devices::virtio::vsock::muxer: immediately removing proxy: 16312517486513755016
2026-10-02T09:54:30.500872Z  INFO microsandbox_runtime::runner::relay: agent relay: client disconnected slot=2 error=agent relay: unexpected EOF
2026-10-02T09:54:33.379712Z  INFO microsandbox_runtime::runner::relay: agent relay: client disconnected slot=0 error=agent relay: unexpected EOF
2026-10-02T09:54:34.707632Z  INFO microsandbox_runtime::runner::relay: agent relay: client connected slot=0 id_start=1 id_end_exclusive=33554431
2026-10-02T09:54:34.708229Z  INFO microsandbox_runtime::runner::relay: agent relay: selected local-shm-v1 slot=0 local_shm=true
2026-10-02T09:54:34.709290Z  INFO microsandbox_runtime::runner::relay: agent relay: client connected slot=1 id_start=33554432 id_end_exclusive=67108862
2026-10-02T09:54:34.709744Z  INFO microsandbox_runtime::runner::relay: agent relay: selected local-shm-v1 slot=1 local_shm=true
2026-10-02T09:54:35.001383Z  INFO microsandbox_runtime::runner::relay: agent relay: client disconnected slot=0 error=agent relay: unexpected EOF
2026-10-02T09:54:35.001385Z  INFO microsandbox_runtime::runner::relay: agent relay: client disconnected slot=1 error=agent relay: unexpected EOF
2026-10-02T09:54:35.013612Z  INFO microsandbox_runtime::runner::relay: agent relay: client connected slot=0 id_start=1 id_end_exclusive=33554431
2026-10-02T09:54:35.014148Z  INFO microsandbox_runtime::runner::relay: agent relay: selected local-shm-v1 slot=0 local_shm=true
2026-10-02T09:54:35.014656Z  INFO microsandbox_runtime::runner::relay: agent relay: client slot=0 sent core.shutdown, notifying drain
2026-10-02T09:54:35.014668Z  INFO microsandbox_runtime::runner::vm: graceful shutdown requested; waiting for guest poweroff
2026-10-02T09:54:35.014689Z  INFO microsandbox_runtime::runner::relay: agent relay: client disconnected slot=0 error=agent relay: unexpected EOF
2026-10-02T09:54:35.117406Z  INFO msb_krun_vmm::macos::vstate: vCPU 0 received shutdown signal
2026-10-02T09:54:35.117440Z  INFO msb_krun_vmm: Vmm is stopping.
